Archive member included to satisfy reference by file (symbol)

c:/program files (x86)/arm gnu toolchain arm-none-eabi/12.2 mpacbti-bet1/bin/../lib/gcc/arm-none-eabi/12.2.0/thumb/v6-m/nofp\libc_nano.a(libc_a-exit.o)
                              c:/program files (x86)/arm gnu toolchain arm-none-eabi/12.2 mpacbti-bet1/bin/../lib/gcc/arm-none-eabi/12.2.0/thumb/v6-m/nofp/crt0.o (exit)
c:/program files (x86)/arm gnu toolchain arm-none-eabi/12.2 mpacbti-bet1/bin/../lib/gcc/arm-none-eabi/12.2.0/thumb/v6-m/nofp\libc_nano.a(libc_a-findfp.o)
                              c:/program files (x86)/arm gnu toolchain arm-none-eabi/12.2 mpacbti-bet1/bin/../lib/gcc/arm-none-eabi/12.2.0/thumb/v6-m/nofp\libc_nano.a(libc_a-exit.o) (__stdio_exit_handler)
c:/program files (x86)/arm gnu toolchain arm-none-eabi/12.2 mpacbti-bet1/bin/../lib/gcc/arm-none-eabi/12.2.0/thumb/v6-m/nofp\libc_nano.a(libc_a-fwalk.o)
                              c:/program files (x86)/arm gnu toolchain arm-none-eabi/12.2 mpacbti-bet1/bin/../lib/gcc/arm-none-eabi/12.2.0/thumb/v6-m/nofp\libc_nano.a(libc_a-findfp.o) (_fwalk_sglue)
c:/program files (x86)/arm gnu toolchain arm-none-eabi/12.2 mpacbti-bet1/bin/../lib/gcc/arm-none-eabi/12.2.0/thumb/v6-m/nofp\libc_nano.a(libc_a-stdio.o)
                              c:/program files (x86)/arm gnu toolchain arm-none-eabi/12.2 mpacbti-bet1/bin/../lib/gcc/arm-none-eabi/12.2.0/thumb/v6-m/nofp\libc_nano.a(libc_a-findfp.o) (__sread)
c:/program files (x86)/arm gnu toolchain arm-none-eabi/12.2 mpacbti-bet1/bin/../lib/gcc/arm-none-eabi/12.2.0/thumb/v6-m/nofp\libc_nano.a(libc_a-memset.o)
                              c:/program files (x86)/arm gnu toolchain arm-none-eabi/12.2 mpacbti-bet1/bin/../lib/gcc/arm-none-eabi/12.2.0/thumb/v6-m/nofp/crt0.o (memset)
c:/program files (x86)/arm gnu toolchain arm-none-eabi/12.2 mpacbti-bet1/bin/../lib/gcc/arm-none-eabi/12.2.0/thumb/v6-m/nofp\libc_nano.a(libc_a-closer.o)
                              c:/program files (x86)/arm gnu toolchain arm-none-eabi/12.2 mpacbti-bet1/bin/../lib/gcc/arm-none-eabi/12.2.0/thumb/v6-m/nofp\libc_nano.a(libc_a-stdio.o) (_close_r)
c:/program files (x86)/arm gnu toolchain arm-none-eabi/12.2 mpacbti-bet1/bin/../lib/gcc/arm-none-eabi/12.2.0/thumb/v6-m/nofp\libc_nano.a(libc_a-reent.o)
                              c:/program files (x86)/arm gnu toolchain arm-none-eabi/12.2 mpacbti-bet1/bin/../lib/gcc/arm-none-eabi/12.2.0/thumb/v6-m/nofp\libc_nano.a(libc_a-closer.o) (errno)
c:/program files (x86)/arm gnu toolchain arm-none-eabi/12.2 mpacbti-bet1/bin/../lib/gcc/arm-none-eabi/12.2.0/thumb/v6-m/nofp\libc_nano.a(libc_a-impure.o)
                              c:/program files (x86)/arm gnu toolchain arm-none-eabi/12.2 mpacbti-bet1/bin/../lib/gcc/arm-none-eabi/12.2.0/thumb/v6-m/nofp\libc_nano.a(libc_a-reent.o) (_impure_ptr)
c:/program files (x86)/arm gnu toolchain arm-none-eabi/12.2 mpacbti-bet1/bin/../lib/gcc/arm-none-eabi/12.2.0/thumb/v6-m/nofp\libc_nano.a(libc_a-lseekr.o)
                              c:/program files (x86)/arm gnu toolchain arm-none-eabi/12.2 mpacbti-bet1/bin/../lib/gcc/arm-none-eabi/12.2.0/thumb/v6-m/nofp\libc_nano.a(libc_a-stdio.o) (_lseek_r)
c:/program files (x86)/arm gnu toolchain arm-none-eabi/12.2 mpacbti-bet1/bin/../lib/gcc/arm-none-eabi/12.2.0/thumb/v6-m/nofp\libc_nano.a(libc_a-readr.o)
                              c:/program files (x86)/arm gnu toolchain arm-none-eabi/12.2 mpacbti-bet1/bin/../lib/gcc/arm-none-eabi/12.2.0/thumb/v6-m/nofp\libc_nano.a(libc_a-stdio.o) (_read_r)
c:/program files (x86)/arm gnu toolchain arm-none-eabi/12.2 mpacbti-bet1/bin/../lib/gcc/arm-none-eabi/12.2.0/thumb/v6-m/nofp\libc_nano.a(libc_a-writer.o)
                              c:/program files (x86)/arm gnu toolchain arm-none-eabi/12.2 mpacbti-bet1/bin/../lib/gcc/arm-none-eabi/12.2.0/thumb/v6-m/nofp\libc_nano.a(libc_a-stdio.o) (_write_r)
c:/program files (x86)/arm gnu toolchain arm-none-eabi/12.2 mpacbti-bet1/bin/../lib/gcc/arm-none-eabi/12.2.0/thumb/v6-m/nofp\libc_nano.a(libc_a-init.o)
                              c:/program files (x86)/arm gnu toolchain arm-none-eabi/12.2 mpacbti-bet1/bin/../lib/gcc/arm-none-eabi/12.2.0/thumb/v6-m/nofp/crt0.o (__libc_init_array)
c:/program files (x86)/arm gnu toolchain arm-none-eabi/12.2 mpacbti-bet1/bin/../lib/gcc/arm-none-eabi/12.2.0/thumb/v6-m/nofp\libc_nano.a(libc_a-lock.o)
                              c:/program files (x86)/arm gnu toolchain arm-none-eabi/12.2 mpacbti-bet1/bin/../lib/gcc/arm-none-eabi/12.2.0/thumb/v6-m/nofp\libc_nano.a(libc_a-findfp.o) (__retarget_lock_init_recursive)
c:/program files (x86)/arm gnu toolchain arm-none-eabi/12.2 mpacbti-bet1/bin/../lib/gcc/arm-none-eabi/12.2.0/thumb/v6-m/nofp\libc_nano.a(libc_a-freer.o)
                              c:/program files (x86)/arm gnu toolchain arm-none-eabi/12.2 mpacbti-bet1/bin/../lib/gcc/arm-none-eabi/12.2.0/thumb/v6-m/nofp\libc_nano.a(libc_a-reent.o) (_free_r)
c:/program files (x86)/arm gnu toolchain arm-none-eabi/12.2 mpacbti-bet1/bin/../lib/gcc/arm-none-eabi/12.2.0/thumb/v6-m/nofp\libc_nano.a(libc_a-mallocr.o)
                              c:/program files (x86)/arm gnu toolchain arm-none-eabi/12.2 mpacbti-bet1/bin/../lib/gcc/arm-none-eabi/12.2.0/thumb/v6-m/nofp\libc_nano.a(libc_a-findfp.o) (_malloc_r)
c:/program files (x86)/arm gnu toolchain arm-none-eabi/12.2 mpacbti-bet1/bin/../lib/gcc/arm-none-eabi/12.2.0/thumb/v6-m/nofp\libc_nano.a(libc_a-mlock.o)
                              c:/program files (x86)/arm gnu toolchain arm-none-eabi/12.2 mpacbti-bet1/bin/../lib/gcc/arm-none-eabi/12.2.0/thumb/v6-m/nofp\libc_nano.a(libc_a-freer.o) (__malloc_lock)
c:/program files (x86)/arm gnu toolchain arm-none-eabi/12.2 mpacbti-bet1/bin/../lib/gcc/arm-none-eabi/12.2.0/thumb/v6-m/nofp\libc_nano.a(libc_a-fflush.o)
                              c:/program files (x86)/arm gnu toolchain arm-none-eabi/12.2 mpacbti-bet1/bin/../lib/gcc/arm-none-eabi/12.2.0/thumb/v6-m/nofp\libc_nano.a(libc_a-findfp.o) (_fflush_r)
c:/program files (x86)/arm gnu toolchain arm-none-eabi/12.2 mpacbti-bet1/bin/../lib/gcc/arm-none-eabi/12.2.0/thumb/v6-m/nofp\libc_nano.a(libc_a-sbrkr.o)
                              c:/program files (x86)/arm gnu toolchain arm-none-eabi/12.2 mpacbti-bet1/bin/../lib/gcc/arm-none-eabi/12.2.0/thumb/v6-m/nofp\libc_nano.a(libc_a-mallocr.o) (_sbrk_r)

Discarded input sections

 .text          0x00000000        0x0 c:/program files (x86)/arm gnu toolchain arm-none-eabi/12.2 mpacbti-bet1/bin/../lib/gcc/arm-none-eabi/12.2.0/thumb/v6-m/nofp/crti.o
 .data          0x00000000        0x0 c:/program files (x86)/arm gnu toolchain arm-none-eabi/12.2 mpacbti-bet1/bin/../lib/gcc/arm-none-eabi/12.2.0/thumb/v6-m/nofp/crti.o
 .bss           0x00000000        0x0 c:/program files (x86)/arm gnu toolchain arm-none-eabi/12.2 mpacbti-bet1/bin/../lib/gcc/arm-none-eabi/12.2.0/thumb/v6-m/nofp/crti.o
 .text          0x00000000        0x0 c:/program files (x86)/arm gnu toolchain arm-none-eabi/12.2 mpacbti-bet1/bin/../lib/gcc/arm-none-eabi/12.2.0/thumb/v6-m/nofp/crtbegin.o
 .data          0x00000000        0x0 c:/program files (x86)/arm gnu toolchain arm-none-eabi/12.2 mpacbti-bet1/bin/../lib/gcc/arm-none-eabi/12.2.0/thumb/v6-m/nofp/crtbegin.o
 .bss           0x00000000        0x0 c:/program files (x86)/arm gnu toolchain arm-none-eabi/12.2 mpacbti-bet1/bin/../lib/gcc/arm-none-eabi/12.2.0/thumb/v6-m/nofp/crtbegin.o
 .rodata.all_implied_fbits
                0x00000000       0x24 c:/program files (x86)/arm gnu toolchain arm-none-eabi/12.2 mpacbti-bet1/bin/../lib/gcc/arm-none-eabi/12.2.0/thumb/v6-m/nofp/crtbegin.o
 .data.__dso_handle
                0x00000000        0x4 c:/program files (x86)/arm gnu toolchain arm-none-eabi/12.2 mpacbti-bet1/bin/../lib/gcc/arm-none-eabi/12.2.0/thumb/v6-m/nofp/crtbegin.o
 .text          0x00000000       0x80 c:/program files (x86)/arm gnu toolchain arm-none-eabi/12.2 mpacbti-bet1/bin/../lib/gcc/arm-none-eabi/12.2.0/thumb/v6-m/nofp/crt0.o
 .data          0x00000000        0x0 c:/program files (x86)/arm gnu toolchain arm-none-eabi/12.2 mpacbti-bet1/bin/../lib/gcc/arm-none-eabi/12.2.0/thumb/v6-m/nofp/crt0.o
 .bss           0x00000000        0x0 c:/program files (x86)/arm gnu toolchain arm-none-eabi/12.2 mpacbti-bet1/bin/../lib/gcc/arm-none-eabi/12.2.0/thumb/v6-m/nofp/crt0.o
 .ARM.extab     0x00000000        0x0 c:/program files (x86)/arm gnu toolchain arm-none-eabi/12.2 mpacbti-bet1/bin/../lib/gcc/arm-none-eabi/12.2.0/thumb/v6-m/nofp/crt0.o
 .ARM.exidx     0x00000000       0x10 c:/program files (x86)/arm gnu toolchain arm-none-eabi/12.2 mpacbti-bet1/bin/../lib/gcc/arm-none-eabi/12.2.0/thumb/v6-m/nofp/crt0.o
 .debug_line    0x00000000       0x7b c:/program files (x86)/arm gnu toolchain arm-none-eabi/12.2 mpacbti-bet1/bin/../lib/gcc/arm-none-eabi/12.2.0/thumb/v6-m/nofp/crt0.o
 .debug_line_str
                0x00000000       0xef c:/program files (x86)/arm gnu toolchain arm-none-eabi/12.2 mpacbti-bet1/bin/../lib/gcc/arm-none-eabi/12.2.0/thumb/v6-m/nofp/crt0.o
 .debug_info    0x00000000       0x25 c:/program files (x86)/arm gnu toolchain arm-none-eabi/12.2 mpacbti-bet1/bin/../lib/gcc/arm-none-eabi/12.2.0/thumb/v6-m/nofp/crt0.o
 .debug_abbrev  0x00000000       0x14 c:/program files (x86)/arm gnu toolchain arm-none-eabi/12.2 mpacbti-bet1/bin/../lib/gcc/arm-none-eabi/12.2.0/thumb/v6-m/nofp/crt0.o
 .debug_aranges
                0x00000000       0x20 c:/program files (x86)/arm gnu toolchain arm-none-eabi/12.2 mpacbti-bet1/bin/../lib/gcc/arm-none-eabi/12.2.0/thumb/v6-m/nofp/crt0.o
 .debug_str     0x00000000       0xfe c:/program files (x86)/arm gnu toolchain arm-none-eabi/12.2 mpacbti-bet1/bin/../lib/gcc/arm-none-eabi/12.2.0/thumb/v6-m/nofp/crt0.o
 .ARM.attributes
                0x00000000       0x1b c:/program files (x86)/arm gnu toolchain arm-none-eabi/12.2 mpacbti-bet1/bin/../lib/gcc/arm-none-eabi/12.2.0/thumb/v6-m/nofp/crt0.o
 .text          0x00000000        0x0 c:/program files (x86)/arm gnu toolchain arm-none-eabi/12.2 mpacbti-bet1/bin/../lib/gcc/arm-none-eabi/12.2.0/thumb/v6-m/nofp\libc_nano.a(libc_a-exit.o)
 .data          0x00000000        0x0 c:/program files (x86)/arm gnu toolchain arm-none-eabi/12.2 mpacbti-bet1/bin/../lib/gcc/arm-none-eabi/12.2.0/thumb/v6-m/nofp\libc_nano.a(libc_a-exit.o)
 .bss           0x00000000        0x0 c:/program files (x86)/arm gnu toolchain arm-none-eabi/12.2 mpacbti-bet1/bin/../lib/gcc/arm-none-eabi/12.2.0/thumb/v6-m/nofp\libc_nano.a(libc_a-exit.o)
 .text.exit     0x00000000       0x28 c:/program files (x86)/arm gnu toolchain arm-none-eabi/12.2 mpacbti-bet1/bin/../lib/gcc/arm-none-eabi/12.2.0/thumb/v6-m/nofp\libc_nano.a(libc_a-exit.o)
 .debug_info    0x00000000      0x11b c:/program files (x86)/arm gnu toolchain arm-none-eabi/12.2 mpacbti-bet1/bin/../lib/gcc/arm-none-eabi/12.2.0/thumb/v6-m/nofp\libc_nano.a(libc_a-exit.o)
 .debug_abbrev  0x00000000       0xd8 c:/program files (x86)/arm gnu toolchain arm-none-eabi/12.2 mpacbti-bet1/bin/../lib/gcc/arm-none-eabi/12.2.0/thumb/v6-m/nofp\libc_nano.a(libc_a-exit.o)
 .debug_loclists
                0x00000000       0x20 c:/program files (x86)/arm gnu toolchain arm-none-eabi/12.2 mpacbti-bet1/bin/../lib/gcc/arm-none-eabi/12.2.0/thumb/v6-m/nofp\libc_nano.a(libc_a-exit.o)
 .debug_aranges
                0x00000000       0x20 c:/program files (x86)/arm gnu toolchain arm-none-eabi/12.2 mpacbti-bet1/bin/../lib/gcc/arm-none-eabi/12.2.0/thumb/v6-m/nofp\libc_nano.a(libc_a-exit.o)
 .debug_rnglists
                0x00000000       0x13 c:/program files (x86)/arm gnu toolchain arm-none-eabi/12.2 mpacbti-bet1/bin/../lib/gcc/arm-none-eabi/12.2.0/thumb/v6-m/nofp\libc_nano.a(libc_a-exit.o)
 .debug_line    0x00000000      0x198 c:/program files (x86)/arm gnu toolchain arm-none-eabi/12.2 mpacbti-bet1/bin/../lib/gcc/arm-none-eabi/12.2.0/thumb/v6-m/nofp\libc_nano.a(libc_a-exit.o)
 .debug_str     0x00000000      0x232 c:/program files (x86)/arm gnu toolchain arm-none-eabi/12.2 mpacbti-bet1/bin/../lib/gcc/arm-none-eabi/12.2.0/thumb/v6-m/nofp\libc_nano.a(libc_a-exit.o)
 .comment       0x00000000       0x4d c:/program files (x86)/arm gnu toolchain arm-none-eabi/12.2 mpacbti-bet1/bin/../lib/gcc/arm-none-eabi/12.2.0/thumb/v6-m/nofp\libc_nano.a(libc_a-exit.o)
 .debug_frame   0x00000000       0x28 c:/program files (x86)/arm gnu toolchain arm-none-eabi/12.2 mpacbti-bet1/bin/../lib/gcc/arm-none-eabi/12.2.0/thumb/v6-m/nofp\libc_nano.a(libc_a-exit.o)
 .ARM.attributes
                0x00000000       0x2c c:/program files (x86)/arm gnu toolchain arm-none-eabi/12.2 mpacbti-bet1/bin/../lib/gcc/arm-none-eabi/12.2.0/thumb/v6-m/nofp\libc_nano.a(libc_a-exit.o)
 .text          0x00000000        0x0 c:/program files (x86)/arm gnu toolchain arm-none-eabi/12.2 mpacbti-bet1/bin/../lib/gcc/arm-none-eabi/12.2.0/thumb/v6-m/nofp\libc_nano.a(libc_a-findfp.o)
 .data          0x00000000        0x0 c:/program files (x86)/arm gnu toolchain arm-none-eabi/12.2 mpacbti-bet1/bin/../lib/gcc/arm-none-eabi/12.2.0/thumb/v6-m/nofp\libc_nano.a(libc_a-findfp.o)
 .bss           0x00000000        0x0 c:/program files (x86)/arm gnu toolchain arm-none-eabi/12.2 mpacbti-bet1/bin/../lib/gcc/arm-none-eabi/12.2.0/thumb/v6-m/nofp\libc_nano.a(libc_a-findfp.o)
 .text.std      0x00000000       0x48 c:/program files (x86)/arm gnu toolchain arm-none-eabi/12.2 mpacbti-bet1/bin/../lib/gcc/arm-none-eabi/12.2.0/thumb/v6-m/nofp\libc_nano.a(libc_a-findfp.o)
 .text.stdio_exit_handler
                0x00000000       0x1c c:/program files (x86)/arm gnu toolchain arm-none-eabi/12.2 mpacbti-bet1/bin/../lib/gcc/arm-none-eabi/12.2.0/thumb/v6-m/nofp\libc_nano.a(libc_a-findfp.o)
 .text.cleanup_stdio
                0x00000000       0x3c c:/program files (x86)/arm gnu toolchain arm-none-eabi/12.2 mpacbti-bet1/bin/../lib/gcc/arm-none-eabi/12.2.0/thumb/v6-m/nofp\libc_nano.a(libc_a-findfp.o)
 .text.__fp_lock
                0x00000000       0x18 c:/program files (x86)/arm gnu toolchain arm-none-eabi/12.2 mpacbti-bet1/bin/../lib/gcc/arm-none-eabi/12.2.0/thumb/v6-m/nofp\libc_nano.a(libc_a-findfp.o)
 .text.__fp_unlock
                0x00000000       0x18 c:/program files (x86)/arm gnu toolchain arm-none-eabi/12.2 mpacbti-bet1/bin/../lib/gcc/arm-none-eabi/12.2.0/thumb/v6-m/nofp\libc_nano.a(libc_a-findfp.o)
 .text.global_stdio_init.part.0
                0x00000000       0x3c c:/program files (x86)/arm gnu toolchain arm-none-eabi/12.2 mpacbti-bet1/bin/../lib/gcc/arm-none-eabi/12.2.0/thumb/v6-m/nofp\libc_nano.a(libc_a-findfp.o)
 .text.__sfp_lock_acquire
                0x00000000       0x10 c:/program files (x86)/arm gnu toolchain arm-none-eabi/12.2 mpacbti-bet1/bin/../lib/gcc/arm-none-eabi/12.2.0/thumb/v6-m/nofp\libc_nano.a(libc_a-findfp.o)
 .text.__sfp_lock_release
                0x00000000       0x10 c:/program files (x86)/arm gnu toolchain arm-none-eabi/12.2 mpacbti-bet1/bin/../lib/gcc/arm-none-eabi/12.2.0/thumb/v6-m/nofp\libc_nano.a(libc_a-findfp.o)
 .text.__sfp    0x00000000       0xa8 c:/program files (x86)/arm gnu toolchain arm-none-eabi/12.2 mpacbti-bet1/bin/../lib/gcc/arm-none-eabi/12.2.0/thumb/v6-m/nofp\libc_nano.a(libc_a-findfp.o)
 .text.__sinit  0x00000000       0x30 c:/program files (x86)/arm gnu toolchain arm-none-eabi/12.2 mpacbti-bet1/bin/../lib/gcc/arm-none-eabi/12.2.0/thumb/v6-m/nofp\libc_nano.a(libc_a-findfp.o)
 .text.__fp_lock_all
                0x00000000       0x1c c:/program files (x86)/arm gnu toolchain arm-none-eabi/12.2 mpacbti-bet1/bin/../lib/gcc/arm-none-eabi/12.2.0/thumb/v6-m/nofp\libc_nano.a(libc_a-findfp.o)
 .text.__fp_unlock_all
                0x00000000       0x1c c:/program files (x86)/arm gnu toolchain arm-none-eabi/12.2 mpacbti-bet1/bin/../lib/gcc/arm-none-eabi/12.2.0/thumb/v6-m/nofp\libc_nano.a(libc_a-findfp.o)
 .data.__sglue  0x00000000        0xc c:/program files (x86)/arm gnu toolchain arm-none-eabi/12.2 mpacbti-bet1/bin/../lib/gcc/arm-none-eabi/12.2.0/thumb/v6-m/nofp\libc_nano.a(libc_a-findfp.o)
 .bss.__sf      0x00000000      0x138 c:/program files (x86)/arm gnu toolchain arm-none-eabi/12.2 mpacbti-bet1/bin/../lib/gcc/arm-none-eabi/12.2.0/thumb/v6-m/nofp\libc_nano.a(libc_a-findfp.o)
 .bss.__stdio_exit_handler
                0x00000000        0x4 c:/program files (x86)/arm gnu toolchain arm-none-eabi/12.2 mpacbti-bet1/bin/../lib/gcc/arm-none-eabi/12.2.0/thumb/v6-m/nofp\libc_nano.a(libc_a-findfp.o)
 .debug_info    0x00000000      0xf98 c:/program files (x86)/arm gnu toolchain arm-none-eabi/12.2 mpacbti-bet1/bin/../lib/gcc/arm-none-eabi/12.2.0/thumb/v6-m/nofp\libc_nano.a(libc_a-findfp.o)
 .debug_abbrev  0x00000000      0x3ed c:/program files (x86)/arm gnu toolchain arm-none-eabi/12.2 mpacbti-bet1/bin/../lib/gcc/arm-none-eabi/12.2.0/thumb/v6-m/nofp\libc_nano.a(libc_a-findfp.o)
 .debug_loclists
                0x00000000      0x273 c:/program files (x86)/arm gnu toolchain arm-none-eabi/12.2 mpacbti-bet1/bin/../lib/gcc/arm-none-eabi/12.2.0/thumb/v6-m/nofp\libc_nano.a(libc_a-findfp.o)
 .debug_aranges
                0x00000000       0x78 c:/program files (x86)/arm gnu toolchain arm-none-eabi/12.2 mpacbti-bet1/bin/../lib/gcc/arm-none-eabi/12.2.0/thumb/v6-m/nofp\libc_nano.a(libc_a-findfp.o)
 .debug_rnglists
                0x00000000       0x6e c:/program files (x86)/arm gnu toolchain arm-none-eabi/12.2 mpacbti-bet1/bin/../lib/gcc/arm-none-eabi/12.2.0/thumb/v6-m/nofp\libc_nano.a(libc_a-findfp.o)
 .debug_line    0x00000000      0x60c c:/program files (x86)/arm gnu toolchain arm-none-eabi/12.2 mpacbti-bet1/bin/../lib/gcc/arm-none-eabi/12.2.0/thumb/v6-m/nofp\libc_nano.a(libc_a-findfp.o)
 .debug_str     0x00000000      0x7af c:/program files (x86)/arm gnu toolchain arm-none-eabi/12.2 mpacbti-bet1/bin/../lib/gcc/arm-none-eabi/12.2.0/thumb/v6-m/nofp\libc_nano.a(libc_a-findfp.o)
 .comment       0x00000000       0x4d c:/program files (x86)/arm gnu toolchain arm-none-eabi/12.2 mpacbti-bet1/bin/../lib/gcc/arm-none-eabi/12.2.0/thumb/v6-m/nofp\libc_nano.a(libc_a-findfp.o)
 .debug_frame   0x00000000      0x138 c:/program files (x86)/arm gnu toolchain arm-none-eabi/12.2 mpacbti-bet1/bin/../lib/gcc/arm-none-eabi/12.2.0/thumb/v6-m/nofp\libc_nano.a(libc_a-findfp.o)
 .ARM.attributes
                0x00000000       0x2c c:/program files (x86)/arm gnu toolchain arm-none-eabi/12.2 mpacbti-bet1/bin/../lib/gcc/arm-none-eabi/12.2.0/thumb/v6-m/nofp\libc_nano.a(libc_a-findfp.o)
 .text          0x00000000        0x0 c:/program files (x86)/arm gnu toolchain arm-none-eabi/12.2 mpacbti-bet1/bin/../lib/gcc/arm-none-eabi/12.2.0/thumb/v6-m/nofp\libc_nano.a(libc_a-fwalk.o)
 .data          0x00000000        0x0 c:/program files (x86)/arm gnu toolchain arm-none-eabi/12.2 mpacbti-bet1/bin/../lib/gcc/arm-none-eabi/12.2.0/thumb/v6-m/nofp\libc_nano.a(libc_a-fwalk.o)
 .bss           0x00000000        0x0 c:/program files (x86)/arm gnu toolchain arm-none-eabi/12.2 mpacbti-bet1/bin/../lib/gcc/arm-none-eabi/12.2.0/thumb/v6-m/nofp\libc_nano.a(libc_a-fwalk.o)
 .text._fwalk_sglue
                0x00000000       0x38 c:/program files (x86)/arm gnu toolchain arm-none-eabi/12.2 mpacbti-bet1/bin/../lib/gcc/arm-none-eabi/12.2.0/thumb/v6-m/nofp\libc_nano.a(libc_a-fwalk.o)
 .debug_info    0x00000000      0x7d6 c:/program files (x86)/arm gnu toolchain arm-none-eabi/12.2 mpacbti-bet1/bin/../lib/gcc/arm-none-eabi/12.2.0/thumb/v6-m/nofp\libc_nano.a(libc_a-fwalk.o)
 .debug_abbrev  0x00000000      0x19e c:/program files (x86)/arm gnu toolchain arm-none-eabi/12.2 mpacbti-bet1/bin/../lib/gcc/arm-none-eabi/12.2.0/thumb/v6-m/nofp\libc_nano.a(libc_a-fwalk.o)
 .debug_loclists
                0x00000000       0xac c:/program files (x86)/arm gnu toolchain arm-none-eabi/12.2 mpacbti-bet1/bin/../lib/gcc/arm-none-eabi/12.2.0/thumb/v6-m/nofp\libc_nano.a(libc_a-fwalk.o)
 .debug_aranges
                0x00000000       0x20 c:/program files (x86)/arm gnu toolchain arm-none-eabi/12.2 mpacbti-bet1/bin/../lib/gcc/arm-none-eabi/12.2.0/thumb/v6-m/nofp\libc_nano.a(libc_a-fwalk.o)
 .debug_rnglists
                0x00000000       0x13 c:/program files (x86)/arm gnu toolchain arm-none-eabi/12.2 mpacbti-bet1/bin/../lib/gcc/arm-none-eabi/12.2.0/thumb/v6-m/nofp\libc_nano.a(libc_a-fwalk.o)
 .debug_line    0x00000000      0x254 c:/program files (x86)/arm gnu toolchain arm-none-eabi/12.2 mpacbti-bet1/bin/../lib/gcc/arm-none-eabi/12.2.0/thumb/v6-m/nofp\libc_nano.a(libc_a-fwalk.o)
 .debug_str     0x00000000      0x53c c:/program files (x86)/arm gnu toolchain arm-none-eabi/12.2 mpacbti-bet1/bin/../lib/gcc/arm-none-eabi/12.2.0/thumb/v6-m/nofp\libc_nano.a(libc_a-fwalk.o)
 .comment       0x00000000       0x4d c:/program files (x86)/arm gnu toolchain arm-none-eabi/12.2 mpacbti-bet1/bin/../lib/gcc/arm-none-eabi/12.2.0/thumb/v6-m/nofp\libc_nano.a(libc_a-fwalk.o)
 .debug_frame   0x00000000       0x34 c:/program files (x86)/arm gnu toolchain arm-none-eabi/12.2 mpacbti-bet1/bin/../lib/gcc/arm-none-eabi/12.2.0/thumb/v6-m/nofp\libc_nano.a(libc_a-fwalk.o)
 .ARM.attributes
                0x00000000       0x2c c:/program files (x86)/arm gnu toolchain arm-none-eabi/12.2 mpacbti-bet1/bin/../lib/gcc/arm-none-eabi/12.2.0/thumb/v6-m/nofp\libc_nano.a(libc_a-fwalk.o)
 .text          0x00000000        0x0 c:/program files (x86)/arm gnu toolchain arm-none-eabi/12.2 mpacbti-bet1/bin/../lib/gcc/arm-none-eabi/12.2.0/thumb/v6-m/nofp\libc_nano.a(libc_a-stdio.o)
 .data          0x00000000        0x0 c:/program files (x86)/arm gnu toolchain arm-none-eabi/12.2 mpacbti-bet1/bin/../lib/gcc/arm-none-eabi/12.2.0/thumb/v6-m/nofp\libc_nano.a(libc_a-stdio.o)
 .bss           0x00000000        0x0 c:/program files (x86)/arm gnu toolchain arm-none-eabi/12.2 mpacbti-bet1/bin/../lib/gcc/arm-none-eabi/12.2.0/thumb/v6-m/nofp\libc_nano.a(libc_a-stdio.o)
 .text.__sread  0x00000000       0x28 c:/program files (x86)/arm gnu toolchain arm-none-eabi/12.2 mpacbti-bet1/bin/../lib/gcc/arm-none-eabi/12.2.0/thumb/v6-m/nofp\libc_nano.a(libc_a-stdio.o)
 .text.__seofread
                0x00000000        0x4 c:/program files (x86)/arm gnu toolchain arm-none-eabi/12.2 mpacbti-bet1/bin/../lib/gcc/arm-none-eabi/12.2.0/thumb/v6-m/nofp\libc_nano.a(libc_a-stdio.o)
 .text.__swrite
                0x00000000       0x38 c:/program files (x86)/arm gnu toolchain arm-none-eabi/12.2 mpacbti-bet1/bin/../lib/gcc/arm-none-eabi/12.2.0/thumb/v6-m/nofp\libc_nano.a(libc_a-stdio.o)
 .text.__sseek  0x00000000       0x2c c:/program files (x86)/arm gnu toolchain arm-none-eabi/12.2 mpacbti-bet1/bin/../lib/gcc/arm-none-eabi/12.2.0/thumb/v6-m/nofp\libc_nano.a(libc_a-stdio.o)
 .text.__sclose
                0x00000000        0xc c:/program files (x86)/arm gnu toolchain arm-none-eabi/12.2 mpacbti-bet1/bin/../lib/gcc/arm-none-eabi/12.2.0/thumb/v6-m/nofp\libc_nano.a(libc_a-stdio.o)
 .debug_info    0x00000000      0xa57 c:/program files (x86)/arm gnu toolchain arm-none-eabi/12.2 mpacbti-bet1/bin/../lib/gcc/arm-none-eabi/12.2.0/thumb/v6-m/nofp\libc_nano.a(libc_a-stdio.o)
 .debug_abbrev  0x00000000      0x206 c:/program files (x86)/arm gnu toolchain arm-none-eabi/12.2 mpacbti-bet1/bin/../lib/gcc/arm-none-eabi/12.2.0/thumb/v6-m/nofp\libc_nano.a(libc_a-stdio.o)
 .debug_loclists
                0x00000000      0x23d c:/program files (x86)/arm gnu toolchain arm-none-eabi/12.2 mpacbti-bet1/bin/../lib/gcc/arm-none-eabi/12.2.0/thumb/v6-m/nofp\libc_nano.a(libc_a-stdio.o)
 .debug_aranges
                0x00000000       0x40 c:/program files (x86)/arm gnu toolchain arm-none-eabi/12.2 mpacbti-bet1/bin/../lib/gcc/arm-none-eabi/12.2.0/thumb/v6-m/nofp\libc_nano.a(libc_a-stdio.o)
 .debug_rnglists
                0x00000000       0x2b c:/program files (x86)/arm gnu toolchain arm-none-eabi/12.2 mpacbti-bet1/bin/../lib/gcc/arm-none-eabi/12.2.0/thumb/v6-m/nofp\libc_nano.a(libc_a-stdio.o)
 .debug_line    0x00000000      0x30a c:/program files (x86)/arm gnu toolchain arm-none-eabi/12.2 mpacbti-bet1/bin/../lib/gcc/arm-none-eabi/12.2.0/thumb/v6-m/nofp\libc_nano.a(libc_a-stdio.o)
 .debug_str     0x00000000      0x599 c:/program files (x86)/arm gnu toolchain arm-none-eabi/12.2 mpacbti-bet1/bin/../lib/gcc/arm-none-eabi/12.2.0/thumb/v6-m/nofp\libc_nano.a(libc_a-stdio.o)
 .comment       0x00000000       0x4d c:/program files (x86)/arm gnu toolchain arm-none-eabi/12.2 mpacbti-bet1/bin/../lib/gcc/arm-none-eabi/12.2.0/thumb/v6-m/nofp\libc_nano.a(libc_a-stdio.o)
 .debug_frame   0x00000000       0x90 c:/program files (x86)/arm gnu toolchain arm-none-eabi/12.2 mpacbti-bet1/bin/../lib/gcc/arm-none-eabi/12.2.0/thumb/v6-m/nofp\libc_nano.a(libc_a-stdio.o)
 .ARM.attributes
                0x00000000       0x2c c:/program files (x86)/arm gnu toolchain arm-none-eabi/12.2 mpacbti-bet1/bin/../lib/gcc/arm-none-eabi/12.2.0/thumb/v6-m/nofp\libc_nano.a(libc_a-stdio.o)
 .text          0x00000000        0x0 c:/program files (x86)/arm gnu toolchain arm-none-eabi/12.2 mpacbti-bet1/bin/../lib/gcc/arm-none-eabi/12.2.0/thumb/v6-m/nofp\libc_nano.a(libc_a-memset.o)
 .data          0x00000000        0x0 c:/program files (x86)/arm gnu toolchain arm-none-eabi/12.2 mpacbti-bet1/bin/../lib/gcc/arm-none-eabi/12.2.0/thumb/v6-m/nofp\libc_nano.a(libc_a-memset.o)
 .bss           0x00000000        0x0 c:/program files (x86)/arm gnu toolchain arm-none-eabi/12.2 mpacbti-bet1/bin/../lib/gcc/arm-none-eabi/12.2.0/thumb/v6-m/nofp\libc_nano.a(libc_a-memset.o)
 .text.memset   0x00000000       0x10 c:/program files (x86)/arm gnu toolchain arm-none-eabi/12.2 mpacbti-bet1/bin/../lib/gcc/arm-none-eabi/12.2.0/thumb/v6-m/nofp\libc_nano.a(libc_a-memset.o)
 .debug_info    0x00000000       0xe0 c:/program files (x86)/arm gnu toolchain arm-none-eabi/12.2 mpacbti-bet1/bin/../lib/gcc/arm-none-eabi/12.2.0/thumb/v6-m/nofp\libc_nano.a(libc_a-memset.o)
 .debug_abbrev  0x00000000       0x9e c:/program files (x86)/arm gnu toolchain arm-none-eabi/12.2 mpacbti-bet1/bin/../lib/gcc/arm-none-eabi/12.2.0/thumb/v6-m/nofp\libc_nano.a(libc_a-memset.o)
 .debug_loclists
                0x00000000       0x6e c:/program files (x86)/arm gnu toolchain arm-none-eabi/12.2 mpacbti-bet1/bin/../lib/gcc/arm-none-eabi/12.2.0/thumb/v6-m/nofp\libc_nano.a(libc_a-memset.o)
 .debug_aranges
                0x00000000       0x20 c:/program files (x86)/arm gnu toolchain arm-none-eabi/12.2 mpacbti-bet1/bin/../lib/gcc/arm-none-eabi/12.2.0/thumb/v6-m/nofp\libc_nano.a(libc_a-memset.o)
 .debug_rnglists
                0x00000000       0x13 c:/program files (x86)/arm gnu toolchain arm-none-eabi/12.2 mpacbti-bet1/bin/../lib/gcc/arm-none-eabi/12.2.0/thumb/v6-m/nofp\libc_nano.a(libc_a-memset.o)
 .debug_line    0x00000000      0x188 c:/program files (x86)/arm gnu toolchain arm-none-eabi/12.2 mpacbti-bet1/bin/../lib/gcc/arm-none-eabi/12.2.0/thumb/v6-m/nofp\libc_nano.a(libc_a-memset.o)
 .debug_str     0x00000000      0x20c c:/program files (x86)/arm gnu toolchain arm-none-eabi/12.2 mpacbti-bet1/bin/../lib/gcc/arm-none-eabi/12.2.0/thumb/v6-m/nofp\libc_nano.a(libc_a-memset.o)
 .comment       0x00000000       0x4d c:/program files (x86)/arm gnu toolchain arm-none-eabi/12.2 mpacbti-bet1/bin/../lib/gcc/arm-none-eabi/12.2.0/thumb/v6-m/nofp\libc_nano.a(libc_a-memset.o)
 .debug_frame   0x00000000       0x20 c:/program files (x86)/arm gnu toolchain arm-none-eabi/12.2 mpacbti-bet1/bin/../lib/gcc/arm-none-eabi/12.2.0/thumb/v6-m/nofp\libc_nano.a(libc_a-memset.o)
 .ARM.attributes
                0x00000000       0x2c c:/program files (x86)/arm gnu toolchain arm-none-eabi/12.2 mpacbti-bet1/bin/../lib/gcc/arm-none-eabi/12.2.0/thumb/v6-m/nofp\libc_nano.a(libc_a-memset.o)
 .text          0x00000000        0x0 c:/program files (x86)/arm gnu toolchain arm-none-eabi/12.2 mpacbti-bet1/bin/../lib/gcc/arm-none-eabi/12.2.0/thumb/v6-m/nofp\libc_nano.a(libc_a-closer.o)
 .data          0x00000000        0x0 c:/program files (x86)/arm gnu toolchain arm-none-eabi/12.2 mpacbti-bet1/bin/../lib/gcc/arm-none-eabi/12.2.0/thumb/v6-m/nofp\libc_nano.a(libc_a-closer.o)
 .bss           0x00000000        0x0 c:/program files (x86)/arm gnu toolchain arm-none-eabi/12.2 mpacbti-bet1/bin/../lib/gcc/arm-none-eabi/12.2.0/thumb/v6-m/nofp\libc_nano.a(libc_a-closer.o)
 .text._close_r
                0x00000000       0x24 c:/program files (x86)/arm gnu toolchain arm-none-eabi/12.2 mpacbti-bet1/bin/../lib/gcc/arm-none-eabi/12.2.0/thumb/v6-m/nofp\libc_nano.a(libc_a-closer.o)
 .debug_info    0x00000000      0x755 c:/program files (x86)/arm gnu toolchain arm-none-eabi/12.2 mpacbti-bet1/bin/../lib/gcc/arm-none-eabi/12.2.0/thumb/v6-m/nofp\libc_nano.a(libc_a-closer.o)
 .debug_abbrev  0x00000000      0x1b0 c:/program files (x86)/arm gnu toolchain arm-none-eabi/12.2 mpacbti-bet1/bin/../lib/gcc/arm-none-eabi/12.2.0/thumb/v6-m/nofp\libc_nano.a(libc_a-closer.o)
 .debug_loclists
                0x00000000       0x4c c:/program files (x86)/arm gnu toolchain arm-none-eabi/12.2 mpacbti-bet1/bin/../lib/gcc/arm-none-eabi/12.2.0/thumb/v6-m/nofp\libc_nano.a(libc_a-closer.o)
 .debug_aranges
                0x00000000       0x20 c:/program files (x86)/arm gnu toolchain arm-none-eabi/12.2 mpacbti-bet1/bin/../lib/gcc/arm-none-eabi/12.2.0/thumb/v6-m/nofp\libc_nano.a(libc_a-closer.o)
 .debug_rnglists
                0x00000000       0x13 c:/program files (x86)/arm gnu toolchain arm-none-eabi/12.2 mpacbti-bet1/bin/../lib/gcc/arm-none-eabi/12.2.0/thumb/v6-m/nofp\libc_nano.a(libc_a-closer.o)
 .debug_line    0x00000000      0x234 c:/program files (x86)/arm gnu toolchain arm-none-eabi/12.2 mpacbti-bet1/bin/../lib/gcc/arm-none-eabi/12.2.0/thumb/v6-m/nofp\libc_nano.a(libc_a-closer.o)
 .debug_str     0x00000000      0x522 c:/program files (x86)/arm gnu toolchain arm-none-eabi/12.2 mpacbti-bet1/bin/../lib/gcc/arm-none-eabi/12.2.0/thumb/v6-m/nofp\libc_nano.a(libc_a-closer.o)
 .comment       0x00000000       0x4d c:/program files (x86)/arm gnu toolchain arm-none-eabi/12.2 mpacbti-bet1/bin/../lib/gcc/arm-none-eabi/12.2.0/thumb/v6-m/nofp\libc_nano.a(libc_a-closer.o)
 .debug_frame   0x00000000       0x2c c:/program files (x86)/arm gnu toolchain arm-none-eabi/12.2 mpacbti-bet1/bin/../lib/gcc/arm-none-eabi/12.2.0/thumb/v6-m/nofp\libc_nano.a(libc_a-closer.o)
 .ARM.attributes
                0x00000000       0x2c c:/program files (x86)/arm gnu toolchain arm-none-eabi/12.2 mpacbti-bet1/bin/../lib/gcc/arm-none-eabi/12.2.0/thumb/v6-m/nofp\libc_nano.a(libc_a-closer.o)
 .text          0x00000000        0x0 c:/program files (x86)/arm gnu toolchain arm-none-eabi/12.2 mpacbti-bet1/bin/../lib/gcc/arm-none-eabi/12.2.0/thumb/v6-m/nofp\libc_nano.a(libc_a-reent.o)
 .data          0x00000000        0x0 c:/program files (x86)/arm gnu toolchain arm-none-eabi/12.2 mpacbti-bet1/bin/../lib/gcc/arm-none-eabi/12.2.0/thumb/v6-m/nofp\libc_nano.a(libc_a-reent.o)
 .bss           0x00000000        0x0 c:/program files (x86)/arm gnu toolchain arm-none-eabi/12.2 mpacbti-bet1/bin/../lib/gcc/arm-none-eabi/12.2.0/thumb/v6-m/nofp\libc_nano.a(libc_a-reent.o)
 .text._reclaim_reent
                0x00000000       0xc0 c:/program files (x86)/arm gnu toolchain arm-none-eabi/12.2 mpacbti-bet1/bin/../lib/gcc/arm-none-eabi/12.2.0/thumb/v6-m/nofp\libc_nano.a(libc_a-reent.o)
 .bss.errno     0x00000000        0x4 c:/program files (x86)/arm gnu toolchain arm-none-eabi/12.2 mpacbti-bet1/bin/../lib/gcc/arm-none-eabi/12.2.0/thumb/v6-m/nofp\libc_nano.a(libc_a-reent.o)
 .debug_info    0x00000000      0x853 c:/program files (x86)/arm gnu toolchain arm-none-eabi/12.2 mpacbti-bet1/bin/../lib/gcc/arm-none-eabi/12.2.0/thumb/v6-m/nofp\libc_nano.a(libc_a-reent.o)
 .debug_abbrev  0x00000000      0x1ea c:/program files (x86)/arm gnu toolchain arm-none-eabi/12.2 mpacbti-bet1/bin/../lib/gcc/arm-none-eabi/12.2.0/thumb/v6-m/nofp\libc_nano.a(libc_a-reent.o)
 .debug_loclists
                0x00000000       0x60 c:/program files (x86)/arm gnu toolchain arm-none-eabi/12.2 mpacbti-bet1/bin/../lib/gcc/arm-none-eabi/12.2.0/thumb/v6-m/nofp\libc_nano.a(libc_a-reent.o)
 .debug_aranges
                0x00000000       0x20 c:/program files (x86)/arm gnu toolchain arm-none-eabi/12.2 mpacbti-bet1/bin/../lib/gcc/arm-none-eabi/12.2.0/thumb/v6-m/nofp\libc_nano.a(libc_a-reent.o)
 .debug_rnglists
                0x00000000       0x30 c:/program files (x86)/arm gnu toolchain arm-none-eabi/12.2 mpacbti-bet1/bin/../lib/gcc/arm-none-eabi/12.2.0/thumb/v6-m/nofp\libc_nano.a(libc_a-reent.o)
 .debug_line    0x00000000      0x2e7 c:/program files (x86)/arm gnu toolchain arm-none-eabi/12.2 mpacbti-bet1/bin/../lib/gcc/arm-none-eabi/12.2.0/thumb/v6-m/nofp\libc_nano.a(libc_a-reent.o)
 .debug_str     0x00000000      0x54b c:/program files (x86)/arm gnu toolchain arm-none-eabi/12.2 mpacbti-bet1/bin/../lib/gcc/arm-none-eabi/12.2.0/thumb/v6-m/nofp\libc_nano.a(libc_a-reent.o)
 .comment       0x00000000       0x4d c:/program files (x86)/arm gnu toolchain arm-none-eabi/12.2 mpacbti-bet1/bin/../lib/gcc/arm-none-eabi/12.2.0/thumb/v6-m/nofp\libc_nano.a(libc_a-reent.o)
 .debug_frame   0x00000000       0x2c c:/program files (x86)/arm gnu toolchain arm-none-eabi/12.2 mpacbti-bet1/bin/../lib/gcc/arm-none-eabi/12.2.0/thumb/v6-m/nofp\libc_nano.a(libc_a-reent.o)
 .ARM.attributes
                0x00000000       0x2c c:/program files (x86)/arm gnu toolchain arm-none-eabi/12.2 mpacbti-bet1/bin/../lib/gcc/arm-none-eabi/12.2.0/thumb/v6-m/nofp\libc_nano.a(libc_a-reent.o)
 .text          0x00000000        0x0 c:/program files (x86)/arm gnu toolchain arm-none-eabi/12.2 mpacbti-bet1/bin/../lib/gcc/arm-none-eabi/12.2.0/thumb/v6-m/nofp\libc_nano.a(libc_a-impure.o)
 .data          0x00000000        0x0 c:/program files (x86)/arm gnu toolchain arm-none-eabi/12.2 mpacbti-bet1/bin/../lib/gcc/arm-none-eabi/12.2.0/thumb/v6-m/nofp\libc_nano.a(libc_a-impure.o)
 .bss           0x00000000        0x0 c:/program files (x86)/arm gnu toolchain arm-none-eabi/12.2 mpacbti-bet1/bin/../lib/gcc/arm-none-eabi/12.2.0/thumb/v6-m/nofp\libc_nano.a(libc_a-impure.o)
 .data._impure_ptr
                0x00000000        0x4 c:/program files (x86)/arm gnu toolchain arm-none-eabi/12.2 mpacbti-bet1/bin/../lib/gcc/arm-none-eabi/12.2.0/thumb/v6-m/nofp\libc_nano.a(libc_a-impure.o)
 .data._impure_data
                0x00000000       0x4c c:/program files (x86)/arm gnu toolchain arm-none-eabi/12.2 mpacbti-bet1/bin/../lib/gcc/arm-none-eabi/12.2.0/thumb/v6-m/nofp\libc_nano.a(libc_a-impure.o)
 .debug_info    0x00000000      0x714 c:/program files (x86)/arm gnu toolchain arm-none-eabi/12.2 mpacbti-bet1/bin/../lib/gcc/arm-none-eabi/12.2.0/thumb/v6-m/nofp\libc_nano.a(libc_a-impure.o)
 .debug_abbrev  0x00000000      0x149 c:/program files (x86)/arm gnu toolchain arm-none-eabi/12.2 mpacbti-bet1/bin/../lib/gcc/arm-none-eabi/12.2.0/thumb/v6-m/nofp\libc_nano.a(libc_a-impure.o)
 .debug_aranges
                0x00000000       0x18 c:/program files (x86)/arm gnu toolchain arm-none-eabi/12.2 mpacbti-bet1/bin/../lib/gcc/arm-none-eabi/12.2.0/thumb/v6-m/nofp\libc_nano.a(libc_a-impure.o)
 .debug_line    0x00000000      0x173 c:/program files (x86)/arm gnu toolchain arm-none-eabi/12.2 mpacbti-bet1/bin/../lib/gcc/arm-none-eabi/12.2.0/thumb/v6-m/nofp\libc_nano.a(libc_a-impure.o)
 .debug_str     0x00000000      0x52c c:/program files (x86)/arm gnu toolchain arm-none-eabi/12.2 mpacbti-bet1/bin/../lib/gcc/arm-none-eabi/12.2.0/thumb/v6-m/nofp\libc_nano.a(libc_a-impure.o)
 .comment       0x00000000       0x4d c:/program files (x86)/arm gnu toolchain arm-none-eabi/12.2 mpacbti-bet1/bin/../lib/gcc/arm-none-eabi/12.2.0/thumb/v6-m/nofp\libc_nano.a(libc_a-impure.o)
 .ARM.attributes
                0x00000000       0x2c c:/program files (x86)/arm gnu toolchain arm-none-eabi/12.2 mpacbti-bet1/bin/../lib/gcc/arm-none-eabi/12.2.0/thumb/v6-m/nofp\libc_nano.a(libc_a-impure.o)
 .text          0x00000000        0x0 c:/program files (x86)/arm gnu toolchain arm-none-eabi/12.2 mpacbti-bet1/bin/../lib/gcc/arm-none-eabi/12.2.0/thumb/v6-m/nofp\libc_nano.a(libc_a-lseekr.o)
 .data          0x00000000        0x0 c:/program files (x86)/arm gnu toolchain arm-none-eabi/12.2 mpacbti-bet1/bin/../lib/gcc/arm-none-eabi/12.2.0/thumb/v6-m/nofp\libc_nano.a(libc_a-lseekr.o)
 .bss           0x00000000        0x0 c:/program files (x86)/arm gnu toolchain arm-none-eabi/12.2 mpacbti-bet1/bin/../lib/gcc/arm-none-eabi/12.2.0/thumb/v6-m/nofp\libc_nano.a(libc_a-lseekr.o)
 .text._lseek_r
                0x00000000       0x28 c:/program files (x86)/arm gnu toolchain arm-none-eabi/12.2 mpacbti-bet1/bin/../lib/gcc/arm-none-eabi/12.2.0/thumb/v6-m/nofp\libc_nano.a(libc_a-lseekr.o)
 .debug_info    0x00000000      0x795 c:/program files (x86)/arm gnu toolchain arm-none-eabi/12.2 mpacbti-bet1/bin/../lib/gcc/arm-none-eabi/12.2.0/thumb/v6-m/nofp\libc_nano.a(libc_a-lseekr.o)
 .debug_abbrev  0x00000000      0x1c4 c:/program files (x86)/arm gnu toolchain arm-none-eabi/12.2 mpacbti-bet1/bin/../lib/gcc/arm-none-eabi/12.2.0/thumb/v6-m/nofp\libc_nano.a(libc_a-lseekr.o)
 .debug_loclists
                0x00000000       0x8f c:/program files (x86)/arm gnu toolchain arm-none-eabi/12.2 mpacbti-bet1/bin/../lib/gcc/arm-none-eabi/12.2.0/thumb/v6-m/nofp\libc_nano.a(libc_a-lseekr.o)
 .debug_aranges
                0x00000000       0x20 c:/program files (x86)/arm gnu toolchain arm-none-eabi/12.2 mpacbti-bet1/bin/../lib/gcc/arm-none-eabi/12.2.0/thumb/v6-m/nofp\libc_nano.a(libc_a-lseekr.o)
 .debug_rnglists
                0x00000000       0x13 c:/program files (x86)/arm gnu toolchain arm-none-eabi/12.2 mpacbti-bet1/bin/../lib/gcc/arm-none-eabi/12.2.0/thumb/v6-m/nofp\libc_nano.a(libc_a-lseekr.o)
 .debug_line    0x00000000      0x22f c:/program files (x86)/arm gnu toolchain arm-none-eabi/12.2 mpacbti-bet1/bin/../lib/gcc/arm-none-eabi/12.2.0/thumb/v6-m/nofp\libc_nano.a(libc_a-lseekr.o)
 .debug_str     0x00000000      0x530 c:/program files (x86)/arm gnu toolchain arm-none-eabi/12.2 mpacbti-bet1/bin/../lib/gcc/arm-none-eabi/12.2.0/thumb/v6-m/nofp\libc_nano.a(libc_a-lseekr.o)
 .comment       0x00000000       0x4d c:/program files (x86)/arm gnu toolchain arm-none-eabi/12.2 mpacbti-bet1/bin/../lib/gcc/arm-none-eabi/12.2.0/thumb/v6-m/nofp\libc_nano.a(libc_a-lseekr.o)
 .debug_frame   0x00000000       0x2c c:/program files (x86)/arm gnu toolchain arm-none-eabi/12.2 mpacbti-bet1/bin/../lib/gcc/arm-none-eabi/12.2.0/thumb/v6-m/nofp\libc_nano.a(libc_a-lseekr.o)
 .ARM.attributes
                0x00000000       0x2c c:/program files (x86)/arm gnu toolchain arm-none-eabi/12.2 mpacbti-bet1/bin/../lib/gcc/arm-none-eabi/12.2.0/thumb/v6-m/nofp\libc_nano.a(libc_a-lseekr.o)
 .text          0x00000000        0x0 c:/program files (x86)/arm gnu toolchain arm-none-eabi/12.2 mpacbti-bet1/bin/../lib/gcc/arm-none-eabi/12.2.0/thumb/v6-m/nofp\libc_nano.a(libc_a-readr.o)
 .data          0x00000000        0x0 c:/program files (x86)/arm gnu toolchain arm-none-eabi/12.2 mpacbti-bet1/bin/../lib/gcc/arm-none-eabi/12.2.0/thumb/v6-m/nofp\libc_nano.a(libc_a-readr.o)
 .bss           0x00000000        0x0 c:/program files (x86)/arm gnu toolchain arm-none-eabi/12.2 mpacbti-bet1/bin/../lib/gcc/arm-none-eabi/12.2.0/thumb/v6-m/nofp\libc_nano.a(libc_a-readr.o)
 .text._read_r  0x00000000       0x28 c:/program files (x86)/arm gnu toolchain arm-none-eabi/12.2 mpacbti-bet1/bin/../lib/gcc/arm-none-eabi/12.2.0/thumb/v6-m/nofp\libc_nano.a(libc_a-readr.o)
 .debug_info    0x00000000      0x7ac c:/program files (x86)/arm gnu toolchain arm-none-eabi/12.2 mpacbti-bet1/bin/../lib/gcc/arm-none-eabi/12.2.0/thumb/v6-m/nofp\libc_nano.a(libc_a-readr.o)
 .debug_abbrev  0x00000000      0x1b0 c:/program files (x86)/arm gnu toolchain arm-none-eabi/12.2 mpacbti-bet1/bin/../lib/gcc/arm-none-eabi/12.2.0/thumb/v6-m/nofp\libc_nano.a(libc_a-readr.o)
 .debug_loclists
                0x00000000       0x8f c:/program files (x86)/arm gnu toolchain arm-none-eabi/12.2 mpacbti-bet1/bin/../lib/gcc/arm-none-eabi/12.2.0/thumb/v6-m/nofp\libc_nano.a(libc_a-readr.o)
 .debug_aranges
                0x00000000       0x20 c:/program files (x86)/arm gnu toolchain arm-none-eabi/12.2 mpacbti-bet1/bin/../lib/gcc/arm-none-eabi/12.2.0/thumb/v6-m/nofp\libc_nano.a(libc_a-readr.o)
 .debug_rnglists
                0x00000000       0x13 c:/program files (x86)/arm gnu toolchain arm-none-eabi/12.2 mpacbti-bet1/bin/../lib/gcc/arm-none-eabi/12.2.0/thumb/v6-m/nofp\libc_nano.a(libc_a-readr.o)
 .debug_line    0x00000000      0x22e c:/program files (x86)/arm gnu toolchain arm-none-eabi/12.2 mpacbti-bet1/bin/../lib/gcc/arm-none-eabi/12.2.0/thumb/v6-m/nofp\libc_nano.a(libc_a-readr.o)
 .debug_str     0x00000000      0x530 c:/program files (x86)/arm gnu toolchain arm-none-eabi/12.2 mpacbti-bet1/bin/../lib/gcc/arm-none-eabi/12.2.0/thumb/v6-m/nofp\libc_nano.a(libc_a-readr.o)
 .comment       0x00000000       0x4d c:/program files (x86)/arm gnu toolchain arm-none-eabi/12.2 mpacbti-bet1/bin/../lib/gcc/arm-none-eabi/12.2.0/thumb/v6-m/nofp\libc_nano.a(libc_a-readr.o)
 .debug_frame   0x00000000       0x2c c:/program files (x86)/arm gnu toolchain arm-none-eabi/12.2 mpacbti-bet1/bin/../lib/gcc/arm-none-eabi/12.2.0/thumb/v6-m/nofp\libc_nano.a(libc_a-readr.o)
 .ARM.attributes
                0x00000000       0x2c c:/program files (x86)/arm gnu toolchain arm-none-eabi/12.2 mpacbti-bet1/bin/../lib/gcc/arm-none-eabi/12.2.0/thumb/v6-m/nofp\libc_nano.a(libc_a-readr.o)
 .text          0x00000000        0x0 c:/program files (x86)/arm gnu toolchain arm-none-eabi/12.2 mpacbti-bet1/bin/../lib/gcc/arm-none-eabi/12.2.0/thumb/v6-m/nofp\libc_nano.a(libc_a-writer.o)
 .data          0x00000000        0x0 c:/program files (x86)/arm gnu toolchain arm-none-eabi/12.2 mpacbti-bet1/bin/../lib/gcc/arm-none-eabi/12.2.0/thumb/v6-m/nofp\libc_nano.a(libc_a-writer.o)
 .bss           0x00000000        0x0 c:/program files (x86)/arm gnu toolchain arm-none-eabi/12.2 mpacbti-bet1/bin/../lib/gcc/arm-none-eabi/12.2.0/thumb/v6-m/nofp\libc_nano.a(libc_a-writer.o)
 .text._write_r
                0x00000000       0x28 c:/program files (x86)/arm gnu toolchain arm-none-eabi/12.2 mpacbti-bet1/bin/../lib/gcc/arm-none-eabi/12.2.0/thumb/v6-m/nofp\libc_nano.a(libc_a-writer.o)
 .debug_info    0x00000000      0x7b2 c:/program files (x86)/arm gnu toolchain arm-none-eabi/12.2 mpacbti-bet1/bin/../lib/gcc/arm-none-eabi/12.2.0/thumb/v6-m/nofp\libc_nano.a(libc_a-writer.o)
 .debug_abbrev  0x00000000      0x1b5 c:/program files (x86)/arm gnu toolchain arm-none-eabi/12.2 mpacbti-bet1/bin/../lib/gcc/arm-none-eabi/12.2.0/thumb/v6-m/nofp\libc_nano.a(libc_a-writer.o)
 .debug_loclists
                0x00000000       0x8f c:/program files (x86)/arm gnu toolchain arm-none-eabi/12.2 mpacbti-bet1/bin/../lib/gcc/arm-none-eabi/12.2.0/thumb/v6-m/nofp\libc_nano.a(libc_a-writer.o)
 .debug_aranges
                0x00000000       0x20 c:/program files (x86)/arm gnu toolchain arm-none-eabi/12.2 mpacbti-bet1/bin/../lib/gcc/arm-none-eabi/12.2.0/thumb/v6-m/nofp\libc_nano.a(libc_a-writer.o)
 .debug_rnglists
                0x00000000       0x13 c:/program files (x86)/arm gnu toolchain arm-none-eabi/12.2 mpacbti-bet1/bin/../lib/gcc/arm-none-eabi/12.2.0/thumb/v6-m/nofp\libc_nano.a(libc_a-writer.o)
 .debug_line    0x00000000      0x22f c:/program files (x86)/arm gnu toolchain arm-none-eabi/12.2 mpacbti-bet1/bin/../lib/gcc/arm-none-eabi/12.2.0/thumb/v6-m/nofp\libc_nano.a(libc_a-writer.o)
 .debug_str     0x00000000      0x532 c:/program files (x86)/arm gnu toolchain arm-none-eabi/12.2 mpacbti-bet1/bin/../lib/gcc/arm-none-eabi/12.2.0/thumb/v6-m/nofp\libc_nano.a(libc_a-writer.o)
 .comment       0x00000000       0x4d c:/program files (x86)/arm gnu toolchain arm-none-eabi/12.2 mpacbti-bet1/bin/../lib/gcc/arm-none-eabi/12.2.0/thumb/v6-m/nofp\libc_nano.a(libc_a-writer.o)
 .debug_frame   0x00000000       0x2c c:/program files (x86)/arm gnu toolchain arm-none-eabi/12.2 mpacbti-bet1/bin/../lib/gcc/arm-none-eabi/12.2.0/thumb/v6-m/nofp\libc_nano.a(libc_a-writer.o)
 .ARM.attributes
                0x00000000       0x2c c:/program files (x86)/arm gnu toolchain arm-none-eabi/12.2 mpacbti-bet1/bin/../lib/gcc/arm-none-eabi/12.2.0/thumb/v6-m/nofp\libc_nano.a(libc_a-writer.o)
 .text          0x00000000        0x0 c:/program files (x86)/arm gnu toolchain arm-none-eabi/12.2 mpacbti-bet1/bin/../lib/gcc/arm-none-eabi/12.2.0/thumb/v6-m/nofp\libc_nano.a(libc_a-init.o)
 .data          0x00000000        0x0 c:/program files (x86)/arm gnu toolchain arm-none-eabi/12.2 mpacbti-bet1/bin/../lib/gcc/arm-none-eabi/12.2.0/thumb/v6-m/nofp\libc_nano.a(libc_a-init.o)
 .bss           0x00000000        0x0 c:/program files (x86)/arm gnu toolchain arm-none-eabi/12.2 mpacbti-bet1/bin/../lib/gcc/arm-none-eabi/12.2.0/thumb/v6-m/nofp\libc_nano.a(libc_a-init.o)
 .text          0x00000000        0x0 c:/program files (x86)/arm gnu toolchain arm-none-eabi/12.2 mpacbti-bet1/bin/../lib/gcc/arm-none-eabi/12.2.0/thumb/v6-m/nofp\libc_nano.a(libc_a-lock.o)
 .data          0x00000000        0x0 c:/program files (x86)/arm gnu toolchain arm-none-eabi/12.2 mpacbti-bet1/bin/../lib/gcc/arm-none-eabi/12.2.0/thumb/v6-m/nofp\libc_nano.a(libc_a-lock.o)
 .bss           0x00000000        0x0 c:/program files (x86)/arm gnu toolchain arm-none-eabi/12.2 mpacbti-bet1/bin/../lib/gcc/arm-none-eabi/12.2.0/thumb/v6-m/nofp\libc_nano.a(libc_a-lock.o)
 .text.__retarget_lock_init
                0x00000000        0x2 c:/program files (x86)/arm gnu toolchain arm-none-eabi/12.2 mpacbti-bet1/bin/../lib/gcc/arm-none-eabi/12.2.0/thumb/v6-m/nofp\libc_nano.a(libc_a-lock.o)
 .text.__retarget_lock_init_recursive
                0x00000000        0x2 c:/program files (x86)/arm gnu toolchain arm-none-eabi/12.2 mpacbti-bet1/bin/../lib/gcc/arm-none-eabi/12.2.0/thumb/v6-m/nofp\libc_nano.a(libc_a-lock.o)
 .text.__retarget_lock_close
                0x00000000        0x2 c:/program files (x86)/arm gnu toolchain arm-none-eabi/12.2 mpacbti-bet1/bin/../lib/gcc/arm-none-eabi/12.2.0/thumb/v6-m/nofp\libc_nano.a(libc_a-lock.o)
 .text.__retarget_lock_close_recursive
                0x00000000        0x2 c:/program files (x86)/arm gnu toolchain arm-none-eabi/12.2 mpacbti-bet1/bin/../lib/gcc/arm-none-eabi/12.2.0/thumb/v6-m/nofp\libc_nano.a(libc_a-lock.o)
 .text.__retarget_lock_acquire
                0x00000000        0x2 c:/program files (x86)/arm gnu toolchain arm-none-eabi/12.2 mpacbti-bet1/bin/../lib/gcc/arm-none-eabi/12.2.0/thumb/v6-m/nofp\libc_nano.a(libc_a-lock.o)
 .text.__retarget_lock_acquire_recursive
                0x00000000        0x2 c:/program files (x86)/arm gnu toolchain arm-none-eabi/12.2 mpacbti-bet1/bin/../lib/gcc/arm-none-eabi/12.2.0/thumb/v6-m/nofp\libc_nano.a(libc_a-lock.o)
 .text.__retarget_lock_try_acquire
                0x00000000        0x4 c:/program files (x86)/arm gnu toolchain arm-none-eabi/12.2 mpacbti-bet1/bin/../lib/gcc/arm-none-eabi/12.2.0/thumb/v6-m/nofp\libc_nano.a(libc_a-lock.o)
 .text.__retarget_lock_try_acquire_recursive
                0x00000000        0x4 c:/program files (x86)/arm gnu toolchain arm-none-eabi/12.2 mpacbti-bet1/bin/../lib/gcc/arm-none-eabi/12.2.0/thumb/v6-m/nofp\libc_nano.a(libc_a-lock.o)
 .text.__retarget_lock_release
                0x00000000        0x2 c:/program files (x86)/arm gnu toolchain arm-none-eabi/12.2 mpacbti-bet1/bin/../lib/gcc/arm-none-eabi/12.2.0/thumb/v6-m/nofp\libc_nano.a(libc_a-lock.o)
 .text.__retarget_lock_release_recursive
                0x00000000        0x2 c:/program files (x86)/arm gnu toolchain arm-none-eabi/12.2 mpacbti-bet1/bin/../lib/gcc/arm-none-eabi/12.2.0/thumb/v6-m/nofp\libc_nano.a(libc_a-lock.o)
 .bss.__lock___arc4random_mutex
                0x00000000        0x1 c:/program files (x86)/arm gnu toolchain arm-none-eabi/12.2 mpacbti-bet1/bin/../lib/gcc/arm-none-eabi/12.2.0/thumb/v6-m/nofp\libc_nano.a(libc_a-lock.o)
 .bss.__lock___dd_hash_mutex
                0x00000000        0x1 c:/program files (x86)/arm gnu toolchain arm-none-eabi/12.2 mpacbti-bet1/bin/../lib/gcc/arm-none-eabi/12.2.0/thumb/v6-m/nofp\libc_nano.a(libc_a-lock.o)
 .bss.__lock___tz_mutex
                0x00000000        0x1 c:/program files (x86)/arm gnu toolchain arm-none-eabi/12.2 mpacbti-bet1/bin/../lib/gcc/arm-none-eabi/12.2.0/thumb/v6-m/nofp\libc_nano.a(libc_a-lock.o)
 .bss.__lock___env_recursive_mutex
                0x00000000        0x1 c:/program files (x86)/arm gnu toolchain arm-none-eabi/12.2 mpacbti-bet1/bin/../lib/gcc/arm-none-eabi/12.2.0/thumb/v6-m/nofp\libc_nano.a(libc_a-lock.o)
 .bss.__lock___malloc_recursive_mutex
                0x00000000        0x1 c:/program files (x86)/arm gnu toolchain arm-none-eabi/12.2 mpacbti-bet1/bin/../lib/gcc/arm-none-eabi/12.2.0/thumb/v6-m/nofp\libc_nano.a(libc_a-lock.o)
 .bss.__lock___at_quick_exit_mutex
                0x00000000        0x1 c:/program files (x86)/arm gnu toolchain arm-none-eabi/12.2 mpacbti-bet1/bin/../lib/gcc/arm-none-eabi/12.2.0/thumb/v6-m/nofp\libc_nano.a(libc_a-lock.o)
 .bss.__lock___atexit_recursive_mutex
                0x00000000        0x1 c:/program files (x86)/arm gnu toolchain arm-none-eabi/12.2 mpacbti-bet1/bin/../lib/gcc/arm-none-eabi/12.2.0/thumb/v6-m/nofp\libc_nano.a(libc_a-lock.o)
 .bss.__lock___sfp_recursive_mutex
                0x00000000        0x1 c:/program files (x86)/arm gnu toolchain arm-none-eabi/12.2 mpacbti-bet1/bin/../lib/gcc/arm-none-eabi/12.2.0/thumb/v6-m/nofp\libc_nano.a(libc_a-lock.o)
 .debug_info    0x00000000      0x20a c:/program files (x86)/arm gnu toolchain arm-none-eabi/12.2 mpacbti-bet1/bin/../lib/gcc/arm-none-eabi/12.2.0/thumb/v6-m/nofp\libc_nano.a(libc_a-lock.o)
 .debug_abbrev  0x00000000      0x115 c:/program files (x86)/arm gnu toolchain arm-none-eabi/12.2 mpacbti-bet1/bin/../lib/gcc/arm-none-eabi/12.2.0/thumb/v6-m/nofp\libc_nano.a(libc_a-lock.o)
 .debug_loclists
                0x00000000       0x23 c:/program files (x86)/arm gnu toolchain arm-none-eabi/12.2 mpacbti-bet1/bin/../lib/gcc/arm-none-eabi/12.2.0/thumb/v6-m/nofp\libc_nano.a(libc_a-lock.o)
 .debug_aranges
                0x00000000       0x68 c:/program files (x86)/arm gnu toolchain arm-none-eabi/12.2 mpacbti-bet1/bin/../lib/gcc/arm-none-eabi/12.2.0/thumb/v6-m/nofp\libc_nano.a(libc_a-lock.o)
 .debug_rnglists
                0x00000000       0x49 c:/program files (x86)/arm gnu toolchain arm-none-eabi/12.2 mpacbti-bet1/bin/../lib/gcc/arm-none-eabi/12.2.0/thumb/v6-m/nofp\libc_nano.a(libc_a-lock.o)
 .debug_line    0x00000000      0x1ad c:/program files (x86)/arm gnu toolchain arm-none-eabi/12.2 mpacbti-bet1/bin/../lib/gcc/arm-none-eabi/12.2.0/thumb/v6-m/nofp\libc_nano.a(libc_a-lock.o)
 .debug_str     0x00000000      0x37f c:/program files (x86)/arm gnu toolchain arm-none-eabi/12.2 mpacbti-bet1/bin/../lib/gcc/arm-none-eabi/12.2.0/thumb/v6-m/nofp\libc_nano.a(libc_a-lock.o)
 .comment       0x00000000       0x4d c:/program files (x86)/arm gnu toolchain arm-none-eabi/12.2 mpacbti-bet1/bin/../lib/gcc/arm-none-eabi/12.2.0/thumb/v6-m/nofp\libc_nano.a(libc_a-lock.o)
 .debug_frame   0x00000000       0xb0 c:/program files (x86)/arm gnu toolchain arm-none-eabi/12.2 mpacbti-bet1/bin/../lib/gcc/arm-none-eabi/12.2.0/thumb/v6-m/nofp\libc_nano.a(libc_a-lock.o)
 .ARM.attributes
                0x00000000       0x2c c:/program files (x86)/arm gnu toolchain arm-none-eabi/12.2 mpacbti-bet1/bin/../lib/gcc/arm-none-eabi/12.2.0/thumb/v6-m/nofp\libc_nano.a(libc_a-lock.o)
 .text          0x00000000        0x0 c:/program files (x86)/arm gnu toolchain arm-none-eabi/12.2 mpacbti-bet1/bin/../lib/gcc/arm-none-eabi/12.2.0/thumb/v6-m/nofp\libc_nano.a(libc_a-freer.o)
 .data          0x00000000        0x0 c:/program files (x86)/arm gnu toolchain arm-none-eabi/12.2 mpacbti-bet1/bin/../lib/gcc/arm-none-eabi/12.2.0/thumb/v6-m/nofp\libc_nano.a(libc_a-freer.o)
 .bss           0x00000000        0x0 c:/program files (x86)/arm gnu toolchain arm-none-eabi/12.2 mpacbti-bet1/bin/../lib/gcc/arm-none-eabi/12.2.0/thumb/v6-m/nofp\libc_nano.a(libc_a-freer.o)
 .text._free_r  0x00000000       0x94 c:/program files (x86)/arm gnu toolchain arm-none-eabi/12.2 mpacbti-bet1/bin/../lib/gcc/arm-none-eabi/12.2.0/thumb/v6-m/nofp\libc_nano.a(libc_a-freer.o)
 .debug_info    0x00000000      0x849 c:/program files (x86)/arm gnu toolchain arm-none-eabi/12.2 mpacbti-bet1/bin/../lib/gcc/arm-none-eabi/12.2.0/thumb/v6-m/nofp\libc_nano.a(libc_a-freer.o)
 .debug_abbrev  0x00000000      0x233 c:/program files (x86)/arm gnu toolchain arm-none-eabi/12.2 mpacbti-bet1/bin/../lib/gcc/arm-none-eabi/12.2.0/thumb/v6-m/nofp\libc_nano.a(libc_a-freer.o)
 .debug_loclists
                0x00000000       0xbc c:/program files (x86)/arm gnu toolchain arm-none-eabi/12.2 mpacbti-bet1/bin/../lib/gcc/arm-none-eabi/12.2.0/thumb/v6-m/nofp\libc_nano.a(libc_a-freer.o)
 .debug_aranges
                0x00000000       0x20 c:/program files (x86)/arm gnu toolchain arm-none-eabi/12.2 mpacbti-bet1/bin/../lib/gcc/arm-none-eabi/12.2.0/thumb/v6-m/nofp\libc_nano.a(libc_a-freer.o)
 .debug_rnglists
                0x00000000       0x14 c:/program files (x86)/arm gnu toolchain arm-none-eabi/12.2 mpacbti-bet1/bin/../lib/gcc/arm-none-eabi/12.2.0/thumb/v6-m/nofp\libc_nano.a(libc_a-freer.o)
 .debug_line    0x00000000      0x334 c:/program files (x86)/arm gnu toolchain arm-none-eabi/12.2 mpacbti-bet1/bin/../lib/gcc/arm-none-eabi/12.2.0/thumb/v6-m/nofp\libc_nano.a(libc_a-freer.o)
 .debug_str     0x00000000      0x5ac c:/program files (x86)/arm gnu toolchain arm-none-eabi/12.2 mpacbti-bet1/bin/../lib/gcc/arm-none-eabi/12.2.0/thumb/v6-m/nofp\libc_nano.a(libc_a-freer.o)
 .comment       0x00000000       0x4d c:/program files (x86)/arm gnu toolchain arm-none-eabi/12.2 mpacbti-bet1/bin/../lib/gcc/arm-none-eabi/12.2.0/thumb/v6-m/nofp\libc_nano.a(libc_a-freer.o)
 .debug_frame   0x00000000       0x2c c:/program files (x86)/arm gnu toolchain arm-none-eabi/12.2 mpacbti-bet1/bin/../lib/gcc/arm-none-eabi/12.2.0/thumb/v6-m/nofp\libc_nano.a(libc_a-freer.o)
 .ARM.attributes
                0x00000000       0x2c c:/program files (x86)/arm gnu toolchain arm-none-eabi/12.2 mpacbti-bet1/bin/../lib/gcc/arm-none-eabi/12.2.0/thumb/v6-m/nofp\libc_nano.a(libc_a-freer.o)
 .text          0x00000000        0x0 c:/program files (x86)/arm gnu toolchain arm-none-eabi/12.2 mpacbti-bet1/bin/../lib/gcc/arm-none-eabi/12.2.0/thumb/v6-m/nofp\libc_nano.a(libc_a-mallocr.o)
 .data          0x00000000        0x0 c:/program files (x86)/arm gnu toolchain arm-none-eabi/12.2 mpacbti-bet1/bin/../lib/gcc/arm-none-eabi/12.2.0/thumb/v6-m/nofp\libc_nano.a(libc_a-mallocr.o)
 .bss           0x00000000        0x0 c:/program files (x86)/arm gnu toolchain arm-none-eabi/12.2 mpacbti-bet1/bin/../lib/gcc/arm-none-eabi/12.2.0/thumb/v6-m/nofp\libc_nano.a(libc_a-mallocr.o)
 .text.sbrk_aligned
                0x00000000       0x44 c:/program files (x86)/arm gnu toolchain arm-none-eabi/12.2 mpacbti-bet1/bin/../lib/gcc/arm-none-eabi/12.2.0/thumb/v6-m/nofp\libc_nano.a(libc_a-mallocr.o)
 .text._malloc_r
                0x00000000       0xe8 c:/program files (x86)/arm gnu toolchain arm-none-eabi/12.2 mpacbti-bet1/bin/../lib/gcc/arm-none-eabi/12.2.0/thumb/v6-m/nofp\libc_nano.a(libc_a-mallocr.o)
 .bss.__malloc_sbrk_start
                0x00000000        0x4 c:/program files (x86)/arm gnu toolchain arm-none-eabi/12.2 mpacbti-bet1/bin/../lib/gcc/arm-none-eabi/12.2.0/thumb/v6-m/nofp\libc_nano.a(libc_a-mallocr.o)
 .bss.__malloc_free_list
                0x00000000        0x4 c:/program files (x86)/arm gnu toolchain arm-none-eabi/12.2 mpacbti-bet1/bin/../lib/gcc/arm-none-eabi/12.2.0/thumb/v6-m/nofp\libc_nano.a(libc_a-mallocr.o)
 .debug_info    0x00000000      0x9c0 c:/program files (x86)/arm gnu toolchain arm-none-eabi/12.2 mpacbti-bet1/bin/../lib/gcc/arm-none-eabi/12.2.0/thumb/v6-m/nofp\libc_nano.a(libc_a-mallocr.o)
 .debug_abbrev  0x00000000      0x241 c:/program files (x86)/arm gnu toolchain arm-none-eabi/12.2 mpacbti-bet1/bin/../lib/gcc/arm-none-eabi/12.2.0/thumb/v6-m/nofp\libc_nano.a(libc_a-mallocr.o)
 .debug_loclists
                0x00000000      0x236 c:/program files (x86)/arm gnu toolchain arm-none-eabi/12.2 mpacbti-bet1/bin/../lib/gcc/arm-none-eabi/12.2.0/thumb/v6-m/nofp\libc_nano.a(libc_a-mallocr.o)
 .debug_aranges
                0x00000000       0x28 c:/program files (x86)/arm gnu toolchain arm-none-eabi/12.2 mpacbti-bet1/bin/../lib/gcc/arm-none-eabi/12.2.0/thumb/v6-m/nofp\libc_nano.a(libc_a-mallocr.o)
 .debug_rnglists
                0x00000000       0x2c c:/program files (x86)/arm gnu toolchain arm-none-eabi/12.2 mpacbti-bet1/bin/../lib/gcc/arm-none-eabi/12.2.0/thumb/v6-m/nofp\libc_nano.a(libc_a-mallocr.o)
 .debug_line    0x00000000      0x4fb c:/program files (x86)/arm gnu toolchain arm-none-eabi/12.2 mpacbti-bet1/bin/../lib/gcc/arm-none-eabi/12.2.0/thumb/v6-m/nofp\libc_nano.a(libc_a-mallocr.o)
 .debug_str     0x00000000      0x60d c:/program files (x86)/arm gnu toolchain arm-none-eabi/12.2 mpacbti-bet1/bin/../lib/gcc/arm-none-eabi/12.2.0/thumb/v6-m/nofp\libc_nano.a(libc_a-mallocr.o)
 .comment       0x00000000       0x4d c:/program files (x86)/arm gnu toolchain arm-none-eabi/12.2 mpacbti-bet1/bin/../lib/gcc/arm-none-eabi/12.2.0/thumb/v6-m/nofp\libc_nano.a(libc_a-mallocr.o)
 .debug_frame   0x00000000       0x4c c:/program files (x86)/arm gnu toolchain arm-none-eabi/12.2 mpacbti-bet1/bin/../lib/gcc/arm-none-eabi/12.2.0/thumb/v6-m/nofp\libc_nano.a(libc_a-mallocr.o)
 .ARM.attributes
                0x00000000       0x2c c:/program files (x86)/arm gnu toolchain arm-none-eabi/12.2 mpacbti-bet1/bin/../lib/gcc/arm-none-eabi/12.2.0/thumb/v6-m/nofp\libc_nano.a(libc_a-mallocr.o)
 .text          0x00000000        0x0 c:/program files (x86)/arm gnu toolchain arm-none-eabi/12.2 mpacbti-bet1/bin/../lib/gcc/arm-none-eabi/12.2.0/thumb/v6-m/nofp\libc_nano.a(libc_a-mlock.o)
 .data          0x00000000        0x0 c:/program files (x86)/arm gnu toolchain arm-none-eabi/12.2 mpacbti-bet1/bin/../lib/gcc/arm-none-eabi/12.2.0/thumb/v6-m/nofp\libc_nano.a(libc_a-mlock.o)
 .bss           0x00000000        0x0 c:/program files (x86)/arm gnu toolchain arm-none-eabi/12.2 mpacbti-bet1/bin/../lib/gcc/arm-none-eabi/12.2.0/thumb/v6-m/nofp\libc_nano.a(libc_a-mlock.o)
 .text.__malloc_lock
                0x00000000       0x10 c:/program files (x86)/arm gnu toolchain arm-none-eabi/12.2 mpacbti-bet1/bin/../lib/gcc/arm-none-eabi/12.2.0/thumb/v6-m/nofp\libc_nano.a(libc_a-mlock.o)
 .text.__malloc_unlock
                0x00000000       0x10 c:/program files (x86)/arm gnu toolchain arm-none-eabi/12.2 mpacbti-bet1/bin/../lib/gcc/arm-none-eabi/12.2.0/thumb/v6-m/nofp\libc_nano.a(libc_a-mlock.o)
 .debug_info    0x00000000      0x76a c:/program files (x86)/arm gnu toolchain arm-none-eabi/12.2 mpacbti-bet1/bin/../lib/gcc/arm-none-eabi/12.2.0/thumb/v6-m/nofp\libc_nano.a(libc_a-mlock.o)
 .debug_abbrev  0x00000000      0x1bc c:/program files (x86)/arm gnu toolchain arm-none-eabi/12.2 mpacbti-bet1/bin/../lib/gcc/arm-none-eabi/12.2.0/thumb/v6-m/nofp\libc_nano.a(libc_a-mlock.o)
 .debug_loclists
                0x00000000       0x3a c:/program files (x86)/arm gnu toolchain arm-none-eabi/12.2 mpacbti-bet1/bin/../lib/gcc/arm-none-eabi/12.2.0/thumb/v6-m/nofp\libc_nano.a(libc_a-mlock.o)
 .debug_aranges
                0x00000000       0x28 c:/program files (x86)/arm gnu toolchain arm-none-eabi/12.2 mpacbti-bet1/bin/../lib/gcc/arm-none-eabi/12.2.0/thumb/v6-m/nofp\libc_nano.a(libc_a-mlock.o)
 .debug_rnglists
                0x00000000       0x19 c:/program files (x86)/arm gnu toolchain arm-none-eabi/12.2 mpacbti-bet1/bin/../lib/gcc/arm-none-eabi/12.2.0/thumb/v6-m/nofp\libc_nano.a(libc_a-mlock.o)
 .debug_line    0x00000000      0x218 c:/program files (x86)/arm gnu toolchain arm-none-eabi/12.2 mpacbti-bet1/bin/../lib/gcc/arm-none-eabi/12.2.0/thumb/v6-m/nofp\libc_nano.a(libc_a-mlock.o)
 .debug_str     0x00000000      0x5ae c:/program files (x86)/arm gnu toolchain arm-none-eabi/12.2 mpacbti-bet1/bin/../lib/gcc/arm-none-eabi/12.2.0/thumb/v6-m/nofp\libc_nano.a(libc_a-mlock.o)
 .comment       0x00000000       0x4d c:/program files (x86)/arm gnu toolchain arm-none-eabi/12.2 mpacbti-bet1/bin/../lib/gcc/arm-none-eabi/12.2.0/thumb/v6-m/nofp\libc_nano.a(libc_a-mlock.o)
 .debug_frame   0x00000000       0x40 c:/program files (x86)/arm gnu toolchain arm-none-eabi/12.2 mpacbti-bet1/bin/../lib/gcc/arm-none-eabi/12.2.0/thumb/v6-m/nofp\libc_nano.a(libc_a-mlock.o)
 .ARM.attributes
                0x00000000       0x2c c:/program files (x86)/arm gnu toolchain arm-none-eabi/12.2 mpacbti-bet1/bin/../lib/gcc/arm-none-eabi/12.2.0/thumb/v6-m/nofp\libc_nano.a(libc_a-mlock.o)
 .text          0x00000000        0x0 c:/program files (x86)/arm gnu toolchain arm-none-eabi/12.2 mpacbti-bet1/bin/../lib/gcc/arm-none-eabi/12.2.0/thumb/v6-m/nofp\libc_nano.a(libc_a-fflush.o)
 .data          0x00000000        0x0 c:/program files (x86)/arm gnu toolchain arm-none-eabi/12.2 mpacbti-bet1/bin/../lib/gcc/arm-none-eabi/12.2.0/thumb/v6-m/nofp\libc_nano.a(libc_a-fflush.o)
 .bss           0x00000000        0x0 c:/program files (x86)/arm gnu toolchain arm-none-eabi/12.2 mpacbti-bet1/bin/../lib/gcc/arm-none-eabi/12.2.0/thumb/v6-m/nofp\libc_nano.a(libc_a-fflush.o)
 .text.__sflush_r
                0x00000000      0x11c c:/program files (x86)/arm gnu toolchain arm-none-eabi/12.2 mpacbti-bet1/bin/../lib/gcc/arm-none-eabi/12.2.0/thumb/v6-m/nofp\libc_nano.a(libc_a-fflush.o)
 .text._fflush_r
                0x00000000       0x56 c:/program files (x86)/arm gnu toolchain arm-none-eabi/12.2 mpacbti-bet1/bin/../lib/gcc/arm-none-eabi/12.2.0/thumb/v6-m/nofp\libc_nano.a(libc_a-fflush.o)
 .text.fflush   0x00000000       0x30 c:/program files (x86)/arm gnu toolchain arm-none-eabi/12.2 mpacbti-bet1/bin/../lib/gcc/arm-none-eabi/12.2.0/thumb/v6-m/nofp\libc_nano.a(libc_a-fflush.o)
 .debug_info    0x00000000      0x9f2 c:/program files (x86)/arm gnu toolchain arm-none-eabi/12.2 mpacbti-bet1/bin/../lib/gcc/arm-none-eabi/12.2.0/thumb/v6-m/nofp\libc_nano.a(libc_a-fflush.o)
 .debug_abbrev  0x00000000      0x298 c:/program files (x86)/arm gnu toolchain arm-none-eabi/12.2 mpacbti-bet1/bin/../lib/gcc/arm-none-eabi/12.2.0/thumb/v6-m/nofp\libc_nano.a(libc_a-fflush.o)
 .debug_loclists
                0x00000000      0x200 c:/program files (x86)/arm gnu toolchain arm-none-eabi/12.2 mpacbti-bet1/bin/../lib/gcc/arm-none-eabi/12.2.0/thumb/v6-m/nofp\libc_nano.a(libc_a-fflush.o)
 .debug_aranges
                0x00000000       0x30 c:/program files (x86)/arm gnu toolchain arm-none-eabi/12.2 mpacbti-bet1/bin/../lib/gcc/arm-none-eabi/12.2.0/thumb/v6-m/nofp\libc_nano.a(libc_a-fflush.o)
 .debug_rnglists
                0x00000000       0x40 c:/program files (x86)/arm gnu toolchain arm-none-eabi/12.2 mpacbti-bet1/bin/../lib/gcc/arm-none-eabi/12.2.0/thumb/v6-m/nofp\libc_nano.a(libc_a-fflush.o)
 .debug_line    0x00000000      0x4c7 c:/program files (x86)/arm gnu toolchain arm-none-eabi/12.2 mpacbti-bet1/bin/../lib/gcc/arm-none-eabi/12.2.0/thumb/v6-m/nofp\libc_nano.a(libc_a-fflush.o)
 .debug_str     0x00000000      0x5f7 c:/program files (x86)/arm gnu toolchain arm-none-eabi/12.2 mpacbti-bet1/bin/../lib/gcc/arm-none-eabi/12.2.0/thumb/v6-m/nofp\libc_nano.a(libc_a-fflush.o)
 .comment       0x00000000       0x4d c:/program files (x86)/arm gnu toolchain arm-none-eabi/12.2 mpacbti-bet1/bin/../lib/gcc/arm-none-eabi/12.2.0/thumb/v6-m/nofp\libc_nano.a(libc_a-fflush.o)
 .debug_frame   0x00000000       0x68 c:/program files (x86)/arm gnu toolchain arm-none-eabi/12.2 mpacbti-bet1/bin/../lib/gcc/arm-none-eabi/12.2.0/thumb/v6-m/nofp\libc_nano.a(libc_a-fflush.o)
 .ARM.attributes
                0x00000000       0x2c c:/program files (x86)/arm gnu toolchain arm-none-eabi/12.2 mpacbti-bet1/bin/../lib/gcc/arm-none-eabi/12.2.0/thumb/v6-m/nofp\libc_nano.a(libc_a-fflush.o)
 .text          0x00000000        0x0 c:/program files (x86)/arm gnu toolchain arm-none-eabi/12.2 mpacbti-bet1/bin/../lib/gcc/arm-none-eabi/12.2.0/thumb/v6-m/nofp\libc_nano.a(libc_a-sbrkr.o)
 .data          0x00000000        0x0 c:/program files (x86)/arm gnu toolchain arm-none-eabi/12.2 mpacbti-bet1/bin/../lib/gcc/arm-none-eabi/12.2.0/thumb/v6-m/nofp\libc_nano.a(libc_a-sbrkr.o)
 .bss           0x00000000        0x0 c:/program files (x86)/arm gnu toolchain arm-none-eabi/12.2 mpacbti-bet1/bin/../lib/gcc/arm-none-eabi/12.2.0/thumb/v6-m/nofp\libc_nano.a(libc_a-sbrkr.o)
 .text._sbrk_r  0x00000000       0x24 c:/program files (x86)/arm gnu toolchain arm-none-eabi/12.2 mpacbti-bet1/bin/../lib/gcc/arm-none-eabi/12.2.0/thumb/v6-m/nofp\libc_nano.a(libc_a-sbrkr.o)
 .debug_info    0x00000000      0x77b c:/program files (x86)/arm gnu toolchain arm-none-eabi/12.2 mpacbti-bet1/bin/../lib/gcc/arm-none-eabi/12.2.0/thumb/v6-m/nofp\libc_nano.a(libc_a-sbrkr.o)
 .debug_abbrev  0x00000000      0x1da c:/program files (x86)/arm gnu toolchain arm-none-eabi/12.2 mpacbti-bet1/bin/../lib/gcc/arm-none-eabi/12.2.0/thumb/v6-m/nofp\libc_nano.a(libc_a-sbrkr.o)
 .debug_loclists
                0x00000000       0x4c c:/program files (x86)/arm gnu toolchain arm-none-eabi/12.2 mpacbti-bet1/bin/../lib/gcc/arm-none-eabi/12.2.0/thumb/v6-m/nofp\libc_nano.a(libc_a-sbrkr.o)
 .debug_aranges
                0x00000000       0x20 c:/program files (x86)/arm gnu toolchain arm-none-eabi/12.2 mpacbti-bet1/bin/../lib/gcc/arm-none-eabi/12.2.0/thumb/v6-m/nofp\libc_nano.a(libc_a-sbrkr.o)
 .debug_rnglists
                0x00000000       0x13 c:/program files (x86)/arm gnu toolchain arm-none-eabi/12.2 mpacbti-bet1/bin/../lib/gcc/arm-none-eabi/12.2.0/thumb/v6-m/nofp\libc_nano.a(libc_a-sbrkr.o)
 .debug_line    0x00000000      0x234 c:/program files (x86)/arm gnu toolchain arm-none-eabi/12.2 mpacbti-bet1/bin/../lib/gcc/arm-none-eabi/12.2.0/thumb/v6-m/nofp\libc_nano.a(libc_a-sbrkr.o)
 .debug_str     0x00000000      0x535 c:/program files (x86)/arm gnu toolchain arm-none-eabi/12.2 mpacbti-bet1/bin/../lib/gcc/arm-none-eabi/12.2.0/thumb/v6-m/nofp\libc_nano.a(libc_a-sbrkr.o)
 .comment       0x00000000       0x4d c:/program files (x86)/arm gnu toolchain arm-none-eabi/12.2 mpacbti-bet1/bin/../lib/gcc/arm-none-eabi/12.2.0/thumb/v6-m/nofp\libc_nano.a(libc_a-sbrkr.o)
 .debug_frame   0x00000000       0x2c c:/program files (x86)/arm gnu toolchain arm-none-eabi/12.2 mpacbti-bet1/bin/../lib/gcc/arm-none-eabi/12.2.0/thumb/v6-m/nofp\libc_nano.a(libc_a-sbrkr.o)
 .ARM.attributes
                0x00000000       0x2c c:/program files (x86)/arm gnu toolchain arm-none-eabi/12.2 mpacbti-bet1/bin/../lib/gcc/arm-none-eabi/12.2.0/thumb/v6-m/nofp\libc_nano.a(libc_a-sbrkr.o)
 .text          0x00000000       0x14 CMakeFiles/basic-cmake-stm32.dir/Startup/startup_stm32f051r8tx.s.obj
 .data          0x00000000        0x0 CMakeFiles/basic-cmake-stm32.dir/Startup/startup_stm32f051r8tx.s.obj
 .bss           0x00000000        0x0 CMakeFiles/basic-cmake-stm32.dir/Startup/startup_stm32f051r8tx.s.obj
 .group         0x00000000        0xc CMakeFiles/basic-cmake-stm32.dir/Src/main.c.obj
 .group         0x00000000        0xc CMakeFiles/basic-cmake-stm32.dir/Src/main.c.obj
 .group         0x00000000        0xc CMakeFiles/basic-cmake-stm32.dir/Src/main.c.obj
 .group         0x00000000        0xc CMakeFiles/basic-cmake-stm32.dir/Src/main.c.obj
 .group         0x00000000        0xc CMakeFiles/basic-cmake-stm32.dir/Src/main.c.obj
 .group         0x00000000        0xc CMakeFiles/basic-cmake-stm32.dir/Src/main.c.obj
 .group         0x00000000        0xc CMakeFiles/basic-cmake-stm32.dir/Src/main.c.obj
 .group         0x00000000        0xc CMakeFiles/basic-cmake-stm32.dir/Src/main.c.obj
 .group         0x00000000        0xc CMakeFiles/basic-cmake-stm32.dir/Src/main.c.obj
 .group         0x00000000        0xc CMakeFiles/basic-cmake-stm32.dir/Src/main.c.obj
 .group         0x00000000        0xc CMakeFiles/basic-cmake-stm32.dir/Src/main.c.obj
 .group         0x00000000        0xc CMakeFiles/basic-cmake-stm32.dir/Src/main.c.obj
 .group         0x00000000        0xc CMakeFiles/basic-cmake-stm32.dir/Src/main.c.obj
 .group         0x00000000        0xc CMakeFiles/basic-cmake-stm32.dir/Src/main.c.obj
 .group         0x00000000        0xc CMakeFiles/basic-cmake-stm32.dir/Src/main.c.obj
 .text          0x00000000        0x0 CMakeFiles/basic-cmake-stm32.dir/Src/main.c.obj
 .data          0x00000000        0x0 CMakeFiles/basic-cmake-stm32.dir/Src/main.c.obj
 .bss           0x00000000        0x0 CMakeFiles/basic-cmake-stm32.dir/Src/main.c.obj
 .text          0x00000000        0x0 c:/program files (x86)/arm gnu toolchain arm-none-eabi/12.2 mpacbti-bet1/bin/../lib/gcc/arm-none-eabi/12.2.0/thumb/v6-m/nofp/crtend.o
 .data          0x00000000        0x0 c:/program files (x86)/arm gnu toolchain arm-none-eabi/12.2 mpacbti-bet1/bin/../lib/gcc/arm-none-eabi/12.2.0/thumb/v6-m/nofp/crtend.o
 .bss           0x00000000        0x0 c:/program files (x86)/arm gnu toolchain arm-none-eabi/12.2 mpacbti-bet1/bin/../lib/gcc/arm-none-eabi/12.2.0/thumb/v6-m/nofp/crtend.o
 .rodata.all_implied_fbits
                0x00000000       0x24 c:/program files (x86)/arm gnu toolchain arm-none-eabi/12.2 mpacbti-bet1/bin/../lib/gcc/arm-none-eabi/12.2.0/thumb/v6-m/nofp/crtend.o
 .eh_frame      0x00000000        0x4 c:/program files (x86)/arm gnu toolchain arm-none-eabi/12.2 mpacbti-bet1/bin/../lib/gcc/arm-none-eabi/12.2.0/thumb/v6-m/nofp/crtend.o
 .text          0x00000000        0x0 c:/program files (x86)/arm gnu toolchain arm-none-eabi/12.2 mpacbti-bet1/bin/../lib/gcc/arm-none-eabi/12.2.0/thumb/v6-m/nofp/crtn.o
 .data          0x00000000        0x0 c:/program files (x86)/arm gnu toolchain arm-none-eabi/12.2 mpacbti-bet1/bin/../lib/gcc/arm-none-eabi/12.2.0/thumb/v6-m/nofp/crtn.o
 .bss           0x00000000        0x0 c:/program files (x86)/arm gnu toolchain arm-none-eabi/12.2 mpacbti-bet1/bin/../lib/gcc/arm-none-eabi/12.2.0/thumb/v6-m/nofp/crtn.o

Memory Configuration

Name             Origin             Length             Attributes
RAM              0x20000000         0x00002000         xrw
FLASH            0x08000000         0x00010000         xr
*default*        0x00000000         0xffffffff

Linker script and memory map

LOAD c:/program files (x86)/arm gnu toolchain arm-none-eabi/12.2 mpacbti-bet1/bin/../lib/gcc/arm-none-eabi/12.2.0/thumb/v6-m/nofp/crti.o
LOAD c:/program files (x86)/arm gnu toolchain arm-none-eabi/12.2 mpacbti-bet1/bin/../lib/gcc/arm-none-eabi/12.2.0/thumb/v6-m/nofp/crtbegin.o
LOAD c:/program files (x86)/arm gnu toolchain arm-none-eabi/12.2 mpacbti-bet1/bin/../lib/gcc/arm-none-eabi/12.2.0/thumb/v6-m/nofp/crt0.o
START GROUP
LOAD c:/program files (x86)/arm gnu toolchain arm-none-eabi/12.2 mpacbti-bet1/bin/../lib/gcc/arm-none-eabi/12.2.0/thumb/v6-m/nofp\libc_nano.a
LOAD c:/program files (x86)/arm gnu toolchain arm-none-eabi/12.2 mpacbti-bet1/bin/../lib/gcc/arm-none-eabi/12.2.0/thumb/v6-m/nofp\libm.a
END GROUP
LOAD CMakeFiles/basic-cmake-stm32.dir/Startup/startup_stm32f051r8tx.s.obj
LOAD CMakeFiles/basic-cmake-stm32.dir/Src/main.c.obj
START GROUP
LOAD c:/program files (x86)/arm gnu toolchain arm-none-eabi/12.2 mpacbti-bet1/bin/../lib/gcc/arm-none-eabi/12.2.0/thumb/v6-m/nofp\libgcc.a
LOAD c:/program files (x86)/arm gnu toolchain arm-none-eabi/12.2 mpacbti-bet1/bin/../lib/gcc/arm-none-eabi/12.2.0/thumb/v6-m/nofp\libc_nano.a
END GROUP
START GROUP
LOAD c:/program files (x86)/arm gnu toolchain arm-none-eabi/12.2 mpacbti-bet1/bin/../lib/gcc/arm-none-eabi/12.2.0/thumb/v6-m/nofp\libgcc.a
LOAD c:/program files (x86)/arm gnu toolchain arm-none-eabi/12.2 mpacbti-bet1/bin/../lib/gcc/arm-none-eabi/12.2.0/thumb/v6-m/nofp\libc_nano.a
END GROUP
LOAD c:/program files (x86)/arm gnu toolchain arm-none-eabi/12.2 mpacbti-bet1/bin/../lib/gcc/arm-none-eabi/12.2.0/thumb/v6-m/nofp/crtend.o
LOAD c:/program files (x86)/arm gnu toolchain arm-none-eabi/12.2 mpacbti-bet1/bin/../lib/gcc/arm-none-eabi/12.2.0/thumb/v6-m/nofp/crtn.o
                0x20002000                        _estack = (ORIGIN (RAM) + LENGTH (RAM))
                0x00000200                        _Min_Heap_Size = 0x200
                0x00000400                        _Min_Stack_Size = 0x400

.isr_vector     0x08000000       0xc0
                0x08000000                        . = ALIGN (0x4)
 *(.isr_vector)
 .isr_vector    0x08000000       0xc0 CMakeFiles/basic-cmake-stm32.dir/Startup/startup_stm32f051r8tx.s.obj
                0x08000000                g_pfnVectors
                0x080000c0                        . = ALIGN (0x4)

.text           0x080000c0      0x188
                0x080000c0                        . = ALIGN (0x4)
 *(.text)
 *(.text*)
 .text.deregister_tm_clones
                0x080000c0       0x20 c:/program files (x86)/arm gnu toolchain arm-none-eabi/12.2 mpacbti-bet1/bin/../lib/gcc/arm-none-eabi/12.2.0/thumb/v6-m/nofp/crtbegin.o
 .text.register_tm_clones
                0x080000e0       0x28 c:/program files (x86)/arm gnu toolchain arm-none-eabi/12.2 mpacbti-bet1/bin/../lib/gcc/arm-none-eabi/12.2.0/thumb/v6-m/nofp/crtbegin.o
 .text.__do_global_dtors_aux
                0x08000108       0x2c c:/program files (x86)/arm gnu toolchain arm-none-eabi/12.2 mpacbti-bet1/bin/../lib/gcc/arm-none-eabi/12.2.0/thumb/v6-m/nofp/crtbegin.o
 .text.frame_dummy
                0x08000134       0x24 c:/program files (x86)/arm gnu toolchain arm-none-eabi/12.2 mpacbti-bet1/bin/../lib/gcc/arm-none-eabi/12.2.0/thumb/v6-m/nofp/crtbegin.o
 .text.__libc_init_array
                0x08000158       0x48 c:/program files (x86)/arm gnu toolchain arm-none-eabi/12.2 mpacbti-bet1/bin/../lib/gcc/arm-none-eabi/12.2.0/thumb/v6-m/nofp\libc_nano.a(libc_a-init.o)
                0x08000158                __libc_init_array
 .text.Reset_Handler
                0x080001a0       0x50 CMakeFiles/basic-cmake-stm32.dir/Startup/startup_stm32f051r8tx.s.obj
                0x080001a0                Reset_Handler
 .text.Default_Handler
                0x080001f0        0x2 CMakeFiles/basic-cmake-stm32.dir/Startup/startup_stm32f051r8tx.s.obj
                0x080001f0                DMA1_CH4_5_6_7_DMA2_CH3_4_5_IRQHandler
                0x080001f0                TIM1_CC_IRQHandler
                0x080001f0                TSC_IRQHandler
                0x080001f0                HardFault_Handler
                0x080001f0                SysTick_Handler
                0x080001f0                PVD_IRQHandler
                0x080001f0                PendSV_Handler
                0x080001f0                NMI_Handler
                0x080001f0                I2C1_IRQHandler
                0x080001f0                RCC_CRS_IRQHandler
                0x080001f0                SPI1_IRQHandler
                0x080001f0                TIM6_DAC_IRQHandler
                0x080001f0                EXTI2_3_IRQHandler
                0x080001f0                I2C2_IRQHandler
                0x080001f0                TIM17_IRQHandler
                0x080001f0                CEC_CAN_IRQHandler
                0x080001f0                RTC_IRQHandler
                0x080001f0                TIM16_IRQHandler
                0x080001f0                TIM3_IRQHandler
                0x080001f0                EXTI4_15_IRQHandler
                0x080001f0                Default_Handler
                0x080001f0                DMA1_CH2_3_DMA2_CH1_2_IRQHandler
                0x080001f0                TIM14_IRQHandler
                0x080001f0                TIM7_IRQHandler
                0x080001f0                TIM15_IRQHandler
                0x080001f0                EXTI0_1_IRQHandler
                0x080001f0                USB_IRQHandler
                0x080001f0                SPI2_IRQHandler
                0x080001f0                DMA1_CH1_IRQHandler
                0x080001f0                SVC_Handler
                0x080001f0                WWDG_IRQHandler
                0x080001f0                TIM2_IRQHandler
                0x080001f0                ADC_COMP_IRQHandler
                0x080001f0                USART2_IRQHandler
                0x080001f0                USART3_4_5_6_7_8_IRQHandler
                0x080001f0                FLASH_IRQHandler
                0x080001f0                USART1_IRQHandler
                0x080001f0                TIM1_BRK_UP_TRG_COM_IRQHandler
 *fill*         0x080001f2        0x2 
 .text.startup.main
                0x080001f4       0x3c CMakeFiles/basic-cmake-stm32.dir/Src/main.c.obj
                0x080001f4                main
 *(.glue_7)
 .glue_7        0x08000230        0x0 linker stubs
 *(.glue_7t)
 .glue_7t       0x08000230        0x0 linker stubs
 *(.eh_frame)
 .eh_frame      0x08000230        0x0 c:/program files (x86)/arm gnu toolchain arm-none-eabi/12.2 mpacbti-bet1/bin/../lib/gcc/arm-none-eabi/12.2.0/thumb/v6-m/nofp/crtbegin.o
 *(.init)
 .init          0x08000230        0x4 c:/program files (x86)/arm gnu toolchain arm-none-eabi/12.2 mpacbti-bet1/bin/../lib/gcc/arm-none-eabi/12.2.0/thumb/v6-m/nofp/crti.o
                0x08000230                _init
 .init          0x08000234        0x8 c:/program files (x86)/arm gnu toolchain arm-none-eabi/12.2 mpacbti-bet1/bin/../lib/gcc/arm-none-eabi/12.2.0/thumb/v6-m/nofp/crtn.o
 *(.fini)
 .fini          0x0800023c        0x4 c:/program files (x86)/arm gnu toolchain arm-none-eabi/12.2 mpacbti-bet1/bin/../lib/gcc/arm-none-eabi/12.2.0/thumb/v6-m/nofp/crti.o
                0x0800023c                _fini
 .fini          0x08000240        0x8 c:/program files (x86)/arm gnu toolchain arm-none-eabi/12.2 mpacbti-bet1/bin/../lib/gcc/arm-none-eabi/12.2.0/thumb/v6-m/nofp/crtn.o
                0x08000248                        . = ALIGN (0x4)
                0x08000248                        _etext = .

.vfp11_veneer   0x08000248        0x0
 .vfp11_veneer  0x08000248        0x0 linker stubs

.v4_bx          0x08000248        0x0
 .v4_bx         0x08000248        0x0 linker stubs

.iplt           0x08000248        0x0
 .iplt          0x08000248        0x0 c:/program files (x86)/arm gnu toolchain arm-none-eabi/12.2 mpacbti-bet1/bin/../lib/gcc/arm-none-eabi/12.2.0/thumb/v6-m/nofp/crtbegin.o

.rel.dyn        0x08000248        0x0
 .rel.iplt      0x08000248        0x0 c:/program files (x86)/arm gnu toolchain arm-none-eabi/12.2 mpacbti-bet1/bin/../lib/gcc/arm-none-eabi/12.2.0/thumb/v6-m/nofp/crtbegin.o

.rodata         0x08000248        0x0
                0x08000248                        . = ALIGN (0x4)
 *(.rodata)
 *(.rodata*)
                0x08000248                        . = ALIGN (0x4)

.ARM.extab      0x08000248        0x0
                0x08000248                        . = ALIGN (0x4)
 *(.ARM.extab* .gnu.linkonce.armextab.*)
                0x08000248                        . = ALIGN (0x4)

.ARM            0x08000248        0x0
                0x08000248                        . = ALIGN (0x4)
                0x08000248                        __exidx_start = .
 *(.ARM.exidx*)
                0x08000248                        __exidx_end = .
                0x08000248                        . = ALIGN (0x4)

.preinit_array  0x08000248        0x0
                0x08000248                        . = ALIGN (0x4)
                0x08000248                        PROVIDE (__preinit_array_start = .)
 *(.preinit_array*)
                0x08000248                        PROVIDE (__preinit_array_end = .)
                0x08000248                        . = ALIGN (0x4)

.init_array     0x08000248        0x4
                0x08000248                        . = ALIGN (0x4)
                0x08000248                        PROVIDE (__init_array_start = .)
 *(SORT_BY_NAME(.init_array.*))
 *(.init_array*)
 .init_array    0x08000248        0x4 c:/program files (x86)/arm gnu toolchain arm-none-eabi/12.2 mpacbti-bet1/bin/../lib/gcc/arm-none-eabi/12.2.0/thumb/v6-m/nofp/crtbegin.o
                0x0800024c                        PROVIDE (__init_array_end = .)
                0x0800024c                        . = ALIGN (0x4)

.fini_array     0x0800024c        0x4
                0x0800024c                        . = ALIGN (0x4)
                [!provide]                        PROVIDE (__fini_array_start = .)
 *(SORT_BY_NAME(.fini_array.*))
 *(.fini_array*)
 .fini_array    0x0800024c        0x4 c:/program files (x86)/arm gnu toolchain arm-none-eabi/12.2 mpacbti-bet1/bin/../lib/gcc/arm-none-eabi/12.2.0/thumb/v6-m/nofp/crtbegin.o
                [!provide]                        PROVIDE (__fini_array_end = .)
                0x08000250                        . = ALIGN (0x4)
                0x08000250                        _sidata = LOADADDR (.data)

.data           0x20000000        0x0 load address 0x08000250
                0x20000000                        . = ALIGN (0x4)
                0x20000000                        _sdata = .
 *(.data)
 *(.data*)
 *(.RamFunc)
 *(.RamFunc*)
                0x20000000                        . = ALIGN (0x4)
                0x20000000                        _edata = .

.tm_clone_table
                0x20000000        0x0 load address 0x08000250
 .tm_clone_table
                0x20000000        0x0 c:/program files (x86)/arm gnu toolchain arm-none-eabi/12.2 mpacbti-bet1/bin/../lib/gcc/arm-none-eabi/12.2.0/thumb/v6-m/nofp/crtbegin.o
 .tm_clone_table
                0x20000000        0x0 c:/program files (x86)/arm gnu toolchain arm-none-eabi/12.2 mpacbti-bet1/bin/../lib/gcc/arm-none-eabi/12.2.0/thumb/v6-m/nofp/crtend.o

.igot.plt       0x20000000        0x0 load address 0x08000250
 .igot.plt      0x20000000        0x0 c:/program files (x86)/arm gnu toolchain arm-none-eabi/12.2 mpacbti-bet1/bin/../lib/gcc/arm-none-eabi/12.2.0/thumb/v6-m/nofp/crtbegin.o
                0x20000000                        . = ALIGN (0x4)

.bss            0x20000000       0x1c load address 0x08000250
                0x20000000                        _sbss = .
                0x20000000                        __bss_start__ = _sbss
 *(.bss)
 *(.bss*)
 .bss.completed.1
                0x20000000        0x1 c:/program files (x86)/arm gnu toolchain arm-none-eabi/12.2 mpacbti-bet1/bin/../lib/gcc/arm-none-eabi/12.2.0/thumb/v6-m/nofp/crtbegin.o
 *fill*         0x20000001        0x3 
 .bss.object.0  0x20000004       0x18 c:/program files (x86)/arm gnu toolchain arm-none-eabi/12.2 mpacbti-bet1/bin/../lib/gcc/arm-none-eabi/12.2.0/thumb/v6-m/nofp/crtbegin.o
 *(COMMON)
                0x2000001c                        . = ALIGN (0x4)
                0x2000001c                        _ebss = .
                0x2000001c                        __bss_end__ = _ebss

._user_heap_stack
                0x2000001c      0x604 load address 0x08000250
                0x20000020                        . = ALIGN (0x8)
 *fill*         0x2000001c        0x4 
                [!provide]                        PROVIDE (end = .)
                [!provide]                        PROVIDE (_end = .)
                0x20000220                        . = (. + _Min_Heap_Size)
 *fill*         0x20000020      0x200 
                0x20000620                        . = (. + _Min_Stack_Size)
 *fill*         0x20000220      0x400 
                0x20000620                        . = ALIGN (0x8)

/DISCARD/
 libc.a(*)
 libm.a(*)
 libgcc.a(*)

.ARM.attributes
                0x00000000       0x28
 *(.ARM.attributes)
 .ARM.attributes
                0x00000000       0x1e c:/program files (x86)/arm gnu toolchain arm-none-eabi/12.2 mpacbti-bet1/bin/../lib/gcc/arm-none-eabi/12.2.0/thumb/v6-m/nofp/crti.o
 .ARM.attributes
                0x0000001e       0x2c c:/program files (x86)/arm gnu toolchain arm-none-eabi/12.2 mpacbti-bet1/bin/../lib/gcc/arm-none-eabi/12.2.0/thumb/v6-m/nofp/crtbegin.o
 .ARM.attributes
                0x0000004a       0x2c c:/program files (x86)/arm gnu toolchain arm-none-eabi/12.2 mpacbti-bet1/bin/../lib/gcc/arm-none-eabi/12.2.0/thumb/v6-m/nofp\libc_nano.a(libc_a-init.o)
 .ARM.attributes
                0x00000076       0x21 CMakeFiles/basic-cmake-stm32.dir/Startup/startup_stm32f051r8tx.s.obj
 .ARM.attributes
                0x00000097       0x2c CMakeFiles/basic-cmake-stm32.dir/Src/main.c.obj
 .ARM.attributes
                0x000000c3       0x2c c:/program files (x86)/arm gnu toolchain arm-none-eabi/12.2 mpacbti-bet1/bin/../lib/gcc/arm-none-eabi/12.2.0/thumb/v6-m/nofp/crtend.o
 .ARM.attributes
                0x000000ef       0x1e c:/program files (x86)/arm gnu toolchain arm-none-eabi/12.2 mpacbti-bet1/bin/../lib/gcc/arm-none-eabi/12.2.0/thumb/v6-m/nofp/crtn.o
OUTPUT(basic-cmake-stm32 elf32-littlearm)
LOAD linker stubs
LOAD c:/program files (x86)/arm gnu toolchain arm-none-eabi/12.2 mpacbti-bet1/bin/../lib/gcc/arm-none-eabi/12.2.0/thumb/v6-m/nofp\libc.a
LOAD c:/program files (x86)/arm gnu toolchain arm-none-eabi/12.2 mpacbti-bet1/bin/../lib/gcc/arm-none-eabi/12.2.0/thumb/v6-m/nofp\libm.a
LOAD c:/program files (x86)/arm gnu toolchain arm-none-eabi/12.2 mpacbti-bet1/bin/../lib/gcc/arm-none-eabi/12.2.0/thumb/v6-m/nofp\libgcc.a

.comment        0x00000000       0x4c
 .comment       0x00000000       0x4c c:/program files (x86)/arm gnu toolchain arm-none-eabi/12.2 mpacbti-bet1/bin/../lib/gcc/arm-none-eabi/12.2.0/thumb/v6-m/nofp/crtbegin.o
                                 0x4d (size before relaxing)
 .comment       0x0000004c       0x4d c:/program files (x86)/arm gnu toolchain arm-none-eabi/12.2 mpacbti-bet1/bin/../lib/gcc/arm-none-eabi/12.2.0/thumb/v6-m/nofp\libc_nano.a(libc_a-init.o)
 .comment       0x0000004c       0x4d CMakeFiles/basic-cmake-stm32.dir/Src/main.c.obj
 .comment       0x0000004c       0x4d c:/program files (x86)/arm gnu toolchain arm-none-eabi/12.2 mpacbti-bet1/bin/../lib/gcc/arm-none-eabi/12.2.0/thumb/v6-m/nofp/crtend.o

.debug_info     0x00000000      0x34c
 .debug_info    0x00000000      0x10b c:/program files (x86)/arm gnu toolchain arm-none-eabi/12.2 mpacbti-bet1/bin/../lib/gcc/arm-none-eabi/12.2.0/thumb/v6-m/nofp\libc_nano.a(libc_a-init.o)
 .debug_info    0x0000010b       0x2e CMakeFiles/basic-cmake-stm32.dir/Startup/startup_stm32f051r8tx.s.obj
 .debug_info    0x00000139      0x213 CMakeFiles/basic-cmake-stm32.dir/Src/main.c.obj

.debug_abbrev   0x00000000      0x1b1
 .debug_abbrev  0x00000000       0xc9 c:/program files (x86)/arm gnu toolchain arm-none-eabi/12.2 mpacbti-bet1/bin/../lib/gcc/arm-none-eabi/12.2.0/thumb/v6-m/nofp\libc_nano.a(libc_a-init.o)
 .debug_abbrev  0x000000c9       0x1d CMakeFiles/basic-cmake-stm32.dir/Startup/startup_stm32f051r8tx.s.obj
 .debug_abbrev  0x000000e6       0xcb CMakeFiles/basic-cmake-stm32.dir/Src/main.c.obj

.debug_loclists
                0x00000000       0x89
 .debug_loclists
                0x00000000       0x42 c:/program files (x86)/arm gnu toolchain arm-none-eabi/12.2 mpacbti-bet1/bin/../lib/gcc/arm-none-eabi/12.2.0/thumb/v6-m/nofp\libc_nano.a(libc_a-init.o)
 .debug_loclists
                0x00000042       0x47 CMakeFiles/basic-cmake-stm32.dir/Src/main.c.obj

.debug_aranges  0x00000000       0x68
 .debug_aranges
                0x00000000       0x20 c:/program files (x86)/arm gnu toolchain arm-none-eabi/12.2 mpacbti-bet1/bin/../lib/gcc/arm-none-eabi/12.2.0/thumb/v6-m/nofp\libc_nano.a(libc_a-init.o)
 .debug_aranges
                0x00000020       0x28 CMakeFiles/basic-cmake-stm32.dir/Startup/startup_stm32f051r8tx.s.obj
 .debug_aranges
                0x00000048       0x20 CMakeFiles/basic-cmake-stm32.dir/Src/main.c.obj

.debug_rnglists
                0x00000000       0x3f
 .debug_rnglists
                0x00000000       0x13 c:/program files (x86)/arm gnu toolchain arm-none-eabi/12.2 mpacbti-bet1/bin/../lib/gcc/arm-none-eabi/12.2.0/thumb/v6-m/nofp\libc_nano.a(libc_a-init.o)
 .debug_rnglists
                0x00000013       0x19 CMakeFiles/basic-cmake-stm32.dir/Startup/startup_stm32f051r8tx.s.obj
 .debug_rnglists
                0x0000002c       0x13 CMakeFiles/basic-cmake-stm32.dir/Src/main.c.obj

.debug_line     0x00000000      0x55e
 .debug_line    0x00000000      0x18b c:/program files (x86)/arm gnu toolchain arm-none-eabi/12.2 mpacbti-bet1/bin/../lib/gcc/arm-none-eabi/12.2.0/thumb/v6-m/nofp\libc_nano.a(libc_a-init.o)
 .debug_line    0x0000018b       0x7b CMakeFiles/basic-cmake-stm32.dir/Startup/startup_stm32f051r8tx.s.obj
 .debug_line    0x00000206      0x358 CMakeFiles/basic-cmake-stm32.dir/Src/main.c.obj

.debug_str      0x00000000    0x369ee
 .debug_str     0x00000000      0x1e4 c:/program files (x86)/arm gnu toolchain arm-none-eabi/12.2 mpacbti-bet1/bin/../lib/gcc/arm-none-eabi/12.2.0/thumb/v6-m/nofp\libc_nano.a(libc_a-init.o)
                                0x26d (size before relaxing)
 .debug_str     0x000001e4       0x77 CMakeFiles/basic-cmake-stm32.dir/Startup/startup_stm32f051r8tx.s.obj
 .debug_str     0x0000025b    0x36793 CMakeFiles/basic-cmake-stm32.dir/Src/main.c.obj
                              0x3694d (size before relaxing)

.debug_frame    0x00000000       0x4c
 .debug_frame   0x00000000       0x2c c:/program files (x86)/arm gnu toolchain arm-none-eabi/12.2 mpacbti-bet1/bin/../lib/gcc/arm-none-eabi/12.2.0/thumb/v6-m/nofp\libc_nano.a(libc_a-init.o)
 .debug_frame   0x0000002c       0x20 CMakeFiles/basic-cmake-stm32.dir/Src/main.c.obj

.debug_line_str
                0x00000000       0x5a
 .debug_line_str
                0x00000000       0x5a CMakeFiles/basic-cmake-stm32.dir/Startup/startup_stm32f051r8tx.s.obj

.debug_macro    0x00000000     0xa190
 .debug_macro   0x00000000       0xba CMakeFiles/basic-cmake-stm32.dir/Src/main.c.obj
 .debug_macro   0x000000ba      0xaa2 CMakeFiles/basic-cmake-stm32.dir/Src/main.c.obj
 .debug_macro   0x00000b5c       0x2e CMakeFiles/basic-cmake-stm32.dir/Src/main.c.obj
 .debug_macro   0x00000b8a       0x22 CMakeFiles/basic-cmake-stm32.dir/Src/main.c.obj
 .debug_macro   0x00000bac       0x22 CMakeFiles/basic-cmake-stm32.dir/Src/main.c.obj
 .debug_macro   0x00000bce       0x8e CMakeFiles/basic-cmake-stm32.dir/Src/main.c.obj
 .debug_macro   0x00000c5c       0x51 CMakeFiles/basic-cmake-stm32.dir/Src/main.c.obj
 .debug_macro   0x00000cad      0x103 CMakeFiles/basic-cmake-stm32.dir/Src/main.c.obj
 .debug_macro   0x00000db0       0x6a CMakeFiles/basic-cmake-stm32.dir/Src/main.c.obj
 .debug_macro   0x00000e1a      0x1df CMakeFiles/basic-cmake-stm32.dir/Src/main.c.obj
 .debug_macro   0x00000ff9       0x1c CMakeFiles/basic-cmake-stm32.dir/Src/main.c.obj
 .debug_macro   0x00001015       0x22 CMakeFiles/basic-cmake-stm32.dir/Src/main.c.obj
 .debug_macro   0x00001037       0xaf CMakeFiles/basic-cmake-stm32.dir/Src/main.c.obj
 .debug_macro   0x000010e6      0x391 CMakeFiles/basic-cmake-stm32.dir/Src/main.c.obj
 .debug_macro   0x00001477     0x8cdd CMakeFiles/basic-cmake-stm32.dir/Src/main.c.obj
 .debug_macro   0x0000a154       0x3c CMakeFiles/basic-cmake-stm32.dir/Src/main.c.obj
